Archive member included to satisfy reference by file (symbol)

c:/progra~2/gnuarm~1/102021~1.10/bin/../lib/gcc/arm-none-eabi/10.3.1/../../../../arm-none-eabi/lib/thumb/v7-m/nofp\libg.a(lib_a-errno.o)
                              CMakeFiles/ZJY-team.elf.dir/Core/Src/ZJY/retarget.c.obj (__errno)
c:/progra~2/gnuarm~1/102021~1.10/bin/../lib/gcc/arm-none-eabi/10.3.1/../../../../arm-none-eabi/lib/thumb/v7-m/nofp\libg.a(lib_a-exit.o)
                              c:/progra~2/gnuarm~1/102021~1.10/bin/../lib/gcc/arm-none-eabi/10.3.1/../../../../arm-none-eabi/lib/thumb/v7-m/nofp/crt0.o (exit)
c:/progra~2/gnuarm~1/102021~1.10/bin/../lib/gcc/arm-none-eabi/10.3.1/../../../../arm-none-eabi/lib/thumb/v7-m/nofp\libg.a(lib_a-impure.o)
                              c:/progra~2/gnuarm~1/102021~1.10/bin/../lib/gcc/arm-none-eabi/10.3.1/../../../../arm-none-eabi/lib/thumb/v7-m/nofp\libg.a(lib_a-exit.o) (_global_impure_ptr)
c:/progra~2/gnuarm~1/102021~1.10/bin/../lib/gcc/arm-none-eabi/10.3.1/../../../../arm-none-eabi/lib/thumb/v7-m/nofp\libg.a(lib_a-init.o)
                              c:/progra~2/gnuarm~1/102021~1.10/bin/../lib/gcc/arm-none-eabi/10.3.1/../../../../arm-none-eabi/lib/thumb/v7-m/nofp/crt0.o (__libc_init_array)
c:/progra~2/gnuarm~1/102021~1.10/bin/../lib/gcc/arm-none-eabi/10.3.1/../../../../arm-none-eabi/lib/thumb/v7-m/nofp\libg.a(lib_a-memset.o)
                              c:/progra~2/gnuarm~1/102021~1.10/bin/../lib/gcc/arm-none-eabi/10.3.1/../../../../arm-none-eabi/lib/thumb/v7-m/nofp/crt0.o (memset)
c:/progra~2/gnuarm~1/102021~1.10/bin/../lib/gcc/arm-none-eabi/10.3.1/../../../../arm-none-eabi/lib/thumb/v7-m/nofp\libg.a(lib_a-printf.o)
                              CMakeFiles/ZJY-team.elf.dir/Core/Src/ZJY/ZJY.c.obj (printf)
c:/progra~2/gnuarm~1/102021~1.10/bin/../lib/gcc/arm-none-eabi/10.3.1/../../../../arm-none-eabi/lib/thumb/v7-m/nofp\libg.a(lib_a-setvbuf.o)
                              CMakeFiles/ZJY-team.elf.dir/Core/Src/ZJY/retarget.c.obj (setvbuf)
c:/progra~2/gnuarm~1/102021~1.10/bin/../lib/gcc/arm-none-eabi/10.3.1/../../../../arm-none-eabi/lib/thumb/v7-m/nofp\libg.a(lib_a-vfprintf.o)
                              c:/progra~2/gnuarm~1/102021~1.10/bin/../lib/gcc/arm-none-eabi/10.3.1/../../../../arm-none-eabi/lib/thumb/v7-m/nofp\libg.a(lib_a-printf.o) (_vfprintf_r)
c:/progra~2/gnuarm~1/102021~1.10/bin/../lib/gcc/arm-none-eabi/10.3.1/../../../../arm-none-eabi/lib/thumb/v7-m/nofp\libg.a(lib_a-wsetup.o)
                              c:/progra~2/gnuarm~1/102021~1.10/bin/../lib/gcc/arm-none-eabi/10.3.1/../../../../arm-none-eabi/lib/thumb/v7-m/nofp\libg.a(lib_a-vfprintf.o) (__swsetup_r)
c:/progra~2/gnuarm~1/102021~1.10/bin/../lib/gcc/arm-none-eabi/10.3.1/../../../../arm-none-eabi/lib/thumb/v7-m/nofp\libg.a(lib_a-__call_atexit.o)
                              c:/progra~2/gnuarm~1/102021~1.10/bin/../lib/gcc/arm-none-eabi/10.3.1/../../../../arm-none-eabi/lib/thumb/v7-m/nofp\libg.a(lib_a-exit.o) (__call_exitprocs)
c:/progra~2/gnuarm~1/102021~1.10/bin/../lib/gcc/arm-none-eabi/10.3.1/../../../../arm-none-eabi/lib/thumb/v7-m/nofp\libg.a(lib_a-atexit.o)
                              c:/progra~2/gnuarm~1/102021~1.10/bin/../lib/gcc/arm-none-eabi/10.3.1/../../../../arm-none-eabi/lib/thumb/v7-m/nofp\libg.a(lib_a-__call_atexit.o) (atexit)
c:/progra~2/gnuarm~1/102021~1.10/bin/../lib/gcc/arm-none-eabi/10.3.1/../../../../arm-none-eabi/lib/thumb/v7-m/nofp\libg.a(lib_a-dtoa.o)
                              c:/progra~2/gnuarm~1/102021~1.10/bin/../lib/gcc/arm-none-eabi/10.3.1/../../../../arm-none-eabi/lib/thumb/v7-m/nofp\libg.a(lib_a-vfprintf.o) (_dtoa_r)
c:/progra~2/gnuarm~1/102021~1.10/bin/../lib/gcc/arm-none-eabi/10.3.1/../../../../arm-none-eabi/lib/thumb/v7-m/nofp\libg.a(lib_a-fflush.o)
                              c:/progra~2/gnuarm~1/102021~1.10/bin/../lib/gcc/arm-none-eabi/10.3.1/../../../../arm-none-eabi/lib/thumb/v7-m/nofp\libg.a(lib_a-setvbuf.o) (_fflush_r)
c:/progra~2/gnuarm~1/102021~1.10/bin/../lib/gcc/arm-none-eabi/10.3.1/../../../../arm-none-eabi/lib/thumb/v7-m/nofp\libg.a(lib_a-findfp.o)
                              c:/progra~2/gnuarm~1/102021~1.10/bin/../lib/gcc/arm-none-eabi/10.3.1/../../../../arm-none-eabi/lib/thumb/v7-m/nofp\libg.a(lib_a-setvbuf.o) (__sinit)
c:/progra~2/gnuarm~1/102021~1.10/bin/../lib/gcc/arm-none-eabi/10.3.1/../../../../arm-none-eabi/lib/thumb/v7-m/nofp\libg.a(lib_a-fini.o)
                              c:/progra~2/gnuarm~1/102021~1.10/bin/../lib/gcc/arm-none-eabi/10.3.1/../../../../arm-none-eabi/lib/thumb/v7-m/nofp\libg.a(lib_a-__call_atexit.o) (__libc_fini_array)
c:/progra~2/gnuarm~1/102021~1.10/bin/../lib/gcc/arm-none-eabi/10.3.1/../../../../arm-none-eabi/lib/thumb/v7-m/nofp\libg.a(lib_a-freer.o)
                              c:/progra~2/gnuarm~1/102021~1.10/bin/../lib/gcc/arm-none-eabi/10.3.1/../../../../arm-none-eabi/lib/thumb/v7-m/nofp\libg.a(lib_a-setvbuf.o) (_free_r)
[...]
Memory Configuration

Name             Origin             Length             Attributes
RAM              0x20000000         0x00005000         xrw
FLASH            0x08000000         0x00010000         xr
*default*        0x00000000         0xffffffff

Linker script and memory map

LOAD c:/progra~2/gnuarm~1/102021~1.10/bin/../lib/gcc/arm-none-eabi/10.3.1/thumb/v7-m/nofp/crti.o
LOAD c:/progra~2/gnuarm~1/102021~1.10/bin/../lib/gcc/arm-none-eabi/10.3.1/thumb/v7-m/nofp/crtbegin.o
LOAD c:/progra~2/gnuarm~1/102021~1.10/bin/../lib/gcc/arm-none-eabi/10.3.1/../../../../arm-none-eabi/lib/thumb/v7-m/nofp/crt0.o
LOAD CMakeFiles/ZJY-team.elf.dir/Core/Src/ZJY/ZJY.c.obj
LOAD CMakeFiles/ZJY-team.elf.dir/Core/Src/ZJY/retarget.c.obj
LOAD CMakeFiles/ZJY-team.elf.dir/Core/Src/adc.c.obj
LOAD CMakeFiles/ZJY-team.elf.dir/Core/Src/gpio.c.obj
LOAD CMakeFiles/ZJY-team.elf.dir/Core/Src/main.c.obj
LOAD CMakeFiles/ZJY-team.elf.dir/Core/Src/stm32f1xx_hal_msp.c.obj
LOAD CMakeFiles/ZJY-team.elf.dir/Core/Src/stm32f1xx_it.c.obj
LOAD CMakeFiles/ZJY-team.elf.dir/Core/Src/syscalls.c.obj
LOAD CMakeFiles/ZJY-team.elf.dir/Core/Src/system_stm32f1xx.c.obj
LOAD CMakeFiles/ZJY-team.elf.dir/Core/Src/tim.c.obj
LOAD CMakeFiles/ZJY-team.elf.dir/Core/Src/usart.c.obj
LOAD CMakeFiles/ZJY-team.elf.dir/Drivers/STM32F1xx_HAL_Driver/Src/stm32f1xx_hal.c.obj
LOAD CMakeFiles/ZJY-team.elf.dir/Drivers/STM32F1xx_HAL_Driver/Src/stm32f1xx_hal_adc.c.obj
LOAD CMakeFiles/ZJY-team.elf.dir/Drivers/STM32F1xx_HAL_Driver/Src/stm32f1xx_hal_adc_ex.c.obj
LOAD CMakeFiles/ZJY-team.elf.dir/Drivers/STM32F1xx_HAL_Driver/Src/stm32f1xx_hal_cortex.c.obj
LOAD CMakeFiles/ZJY-team.elf.dir/Drivers/STM32F1xx_HAL_Driver/Src/stm32f1xx_hal_dma.c.obj
LOAD CMakeFiles/ZJY-team.elf.dir/Drivers/STM32F1xx_HAL_Driver/Src/stm32f1xx_hal_exti.c.obj
LOAD CMakeFiles/ZJY-team.elf.dir/Drivers/STM32F1xx_HAL_Driver/Src/stm32f1xx_hal_flash.c.obj
LOAD CMakeFiles/ZJY-team.elf.dir/Drivers/STM32F1xx_HAL_Driver/Src/stm32f1xx_hal_flash_ex.c.obj
LOAD CMakeFiles/ZJY-team.elf.dir/Drivers/STM32F1xx_HAL_Driver/Src/stm32f1xx_hal_gpio.c.obj
LOAD CMakeFiles/ZJY-team.elf.dir/Drivers/STM32F1xx_HAL_Driver/Src/stm32f1xx_hal_gpio_ex.c.obj
LOAD CMakeFiles/ZJY-team.elf.dir/Drivers/STM32F1xx_HAL_Driver/Src/stm32f1xx_hal_pwr.c.obj
LOAD CMakeFiles/ZJY-team.elf.dir/Drivers/STM32F1xx_HAL_Driver/Src/stm32f1xx_hal_rcc.c.obj
LOAD CMakeFiles/ZJY-team.elf.dir/Drivers/STM32F1xx_HAL_Driver/Src/stm32f1xx_hal_rcc_ex.c.obj
LOAD CMakeFiles/ZJY-team.elf.dir/Drivers/STM32F1xx_HAL_Driver/Src/stm32f1xx_hal_tim.c.obj
LOAD CMakeFiles/ZJY-team.elf.dir/Drivers/STM32F1xx_HAL_Driver/Src/stm32f1xx_hal_tim_ex.c.obj
LOAD CMakeFiles/ZJY-team.elf.dir/Drivers/STM32F1xx_HAL_Driver/Src/stm32f1xx_hal_uart.c.obj
LOAD CMakeFiles/ZJY-team.elf.dir/startup/startup_stm32f103xb.s.obj
START GROUP
LOAD c:/progra~2/gnuarm~1/102021~1.10/bin/../lib/gcc/arm-none-eabi/10.3.1/thumb/v7-m/nofp\libgcc.a
LOAD c:/progra~2/gnuarm~1/102021~1.10/bin/../lib/gcc/arm-none-eabi/10.3.1/../../../../arm-none-eabi/lib/thumb/v7-m/nofp\libg.a
LOAD c:/progra~2/gnuarm~1/102021~1.10/bin/../lib/gcc/arm-none-eabi/10.3.1/../../../../arm-none-eabi/lib/thumb/v7-m/nofp\libc.a
END GROUP
LOAD c:/progra~2/gnuarm~1/102021~1.10/bin/../lib/gcc/arm-none-eabi/10.3.1/thumb/v7-m/nofp/crtend.o
LOAD c:/progra~2/gnuarm~1/102021~1.10/bin/../lib/gcc/arm-none-eabi/10.3.1/thumb/v7-m/nofp/crtn.o
                0x20005000                _estack = 0x20005000
                0x00000200                _Min_Heap_Size = 0x200
                0x00000400                _Min_Stack_Size = 0x400

.isr_vector     0x08000000      0x10c
                0x08000000                . = ALIGN (0x4)
 *(.isr_vector)
 .isr_vector    0x08000000      0x10c CMakeFiles/ZJY-team.elf.dir/startup/startup_stm32f103xb.s.obj
                0x08000000                g_pfnVectors
                0x0800010c                . = ALIGN (0x4)

.text           0x08000110     0x98bc
                0x08000110                . = ALIGN (0x4)
 *(.text)
 .text          0x08000110       0x40 c:/progra~2/gnuarm~1/102021~1.10/bin/../lib/gcc/arm-none-eabi/10.3.1/thumb/v7-m/nofp/crtbegin.o
 .text          0x08000150       0xec c:/progra~2/gnuarm~1/102021~1.10/bin/../lib/gcc/arm-none-eabi/10.3.1/../../../../arm-none-eabi/lib/thumb/v7-m/nofp\libg.a(lib_a-memcpy.o)
                0x08000150                memcpy
 .text          0x0800023c      0x378 c:/progra~2/gnuarm~1/102021~1.10/bin/../lib/gcc/arm-none-eabi/10.3.1/thumb/v7-m/nofp\libgcc.a(_arm_addsubdf3.o)
                0x0800023c                __aeabi_drsub
                0x08000244                __aeabi_dsub
                0x08000244                __subdf3
                0x08000248                __aeabi_dadd
                0x08000248                __adddf3
                0x080004c0                __floatunsidf
                0x080004c0                __aeabi_ui2d
                0x080004e0                __floatsidf
                0x080004e0                __aeabi_i2d
                0x08000504                __aeabi_f2d
                0x08000504                __extendsfdf2
                0x08000548                __floatundidf
                0x08000548                __aeabi_ul2d
                0x08000558                __floatdidf
                0x08000558                __aeabi_l2d
 .text          0x080005b4      0x424 c:/progra~2/gnuarm~1/102021~1.10/bin/../lib/gcc/arm-none-eabi/10.3.1/thumb/v7-m/nofp\libgcc.a(_arm_muldivdf3.o)
                0x080005b4                __aeabi_dmul
                0x080005b4                __muldf3
                0x08000808                __divdf3
                0x08000808                __aeabi_ddiv
 .text          0x080009d8      0x110 c:/progra~2/gnuarm~1/102021~1.10/bin/../lib/gcc/arm-none-eabi/10.3.1/thumb/v7-m/nofp\libgcc.a(_arm_cmpdf2.o)
                0x080009d8                __gtdf2
                0x080009d8                __gedf2
                0x080009e0                __ltdf2
                0x080009e0                __ledf2
                0x080009e8                __nedf2
                0x080009e8                __eqdf2
                0x080009e8                __cmpdf2
                0x08000a64                __aeabi_cdrcmple
                0x08000a74                __aeabi_cdcmpeq
                0x08000a74                __aeabi_cdcmple
                0x08000a84                __aeabi_dcmpeq
                0x08000a98                __aeabi_dcmplt
                0x08000aac                __aeabi_dcmple
                0x08000ac0                __aeabi_dcmpge
                0x08000ad4                __aeabi_dcmpgt
 .text          0x08000ae8       0x2c c:/progra~2/gnuarm~1/102021~1.10/bin/../lib/gcc/arm-none-eabi/10.3.1/thumb/v7-m/nofp\libgcc.a(_arm_unorddf2.o)
                0x08000ae8                __unorddf2
                0x08000ae8                __aeabi_dcmpun
 .text          0x08000b14       0x50 c:/progra~2/gnuarm~1/102021~1.10/bin/../lib/gcc/arm-none-eabi/10.3.1/thumb/v7-m/nofp\libgcc.a(_arm_fixdfsi.o)
                0x08000b14                __aeabi_d2iz
                0x08000b14                __fixdfsi
 .text          0x08000b64       0x30 c:/progra~2/gnuarm~1/102021~1.10/bin/../lib/gcc/arm-none-eabi/10.3.1/thumb/v7-m/nofp\libgcc.a(_aeabi_uldivmod.o)
                0x08000b64                __aeabi_uldivmod
 .text          0x08000b94      0x2d4 c:/progra~2/gnuarm~1/102021~1.10/bin/../lib/gcc/arm-none-eabi/10.3.1/thumb/v7-m/nofp\libgcc.a(_udivmoddi4.o)
                0x08000b94                __udivmoddi4
 .text          0x08000e68        0x4 c:/progra~2/gnuarm~1/102021~1.10/bin/../lib/gcc/arm-none-eabi/10.3.1/thumb/v7-m/nofp\libgcc.a(_dvmd_tls.o)
                0x08000e68                __aeabi_idiv0
                0x08000e68                __aeabi_ldiv0
 *(.text*)
 .text.mc_timer_check
                0x08000e6c       0x58 CMakeFiles/ZJY-team.elf.dir/Core/Src/ZJY/ZJY.c.obj
                0x08000e6c                mc_timer_check
 .text.check_F_key_work
                0x08000ec4       0x6c CMakeFiles/ZJY-team.elf.dir/Core/Src/ZJY/ZJY.c.obj
                0x08000ec4                check_F_key_work
 .text.Get_Fre  0x08000f30       0xcc CMakeFiles/ZJY-team.elf.dir/Core/Src/ZJY/ZJY.c.obj
                0x08000f30                Get_Fre
 .text.Get_TIM  0x08000ffc       0xe0 CMakeFiles/ZJY-team.elf.dir/Core/Src/ZJY/ZJY.c.obj
                0x08000ffc                Get_TIM
 .text.Beep_Times
                0x080010dc       0x3c CMakeFiles/ZJY-team.elf.dir/Core/Src/ZJY/ZJY.c.obj
                0x080010dc                Beep_Times
 .text.First_Check
                0x08001118       0xc4 CMakeFiles/ZJY-team.elf.dir/Core/Src/ZJY/ZJY.c.obj
                0x08001118                First_Check
 .text.Key_scan
                0x080011dc       0x60 CMakeFiles/ZJY-team.elf.dir/Core/Src/ZJY/ZJY.c.obj
                0x080011dc                Key_scan
 .text.check_key_mode
                0x0800123c       0x4c CMakeFiles/ZJY-team.elf.dir/Core/Src/ZJY/ZJY.c.obj
                0x0800123c                check_key_mode
 .text.Cur_Check
                0x08001288       0x40 CMakeFiles/ZJY-team.elf.dir/Core/Src/ZJY/ZJY.c.obj
                0x08001288                Cur_Check
 .text.LED_Work
                0x080012c8       0x88 CMakeFiles/ZJY-team.elf.dir/Core/Src/ZJY/ZJY.c.obj
                0x080012c8                LED_Work
 .text.PWM_Start
                0x08001350       0x6c CMakeFiles/ZJY-team.elf.dir/Core/Src/ZJY/ZJY.c.obj
                0x08001350                PWM_Start
 .text.down_the_pwm
                0x080013bc       0x28 CMakeFiles/ZJY-team.elf.dir/Core/Src/ZJY/ZJY.c.obj
                0x080013bc                down_the_pwm
 .text.LED_FLow
                0x080013e4       0x60 CMakeFiles/ZJY-team.elf.dir/Core/Src/ZJY/ZJY.c.obj
                0x080013e4                LED_FLow
 .text.pwm_set_of_flu
                0x08001444       0x40 CMakeFiles/ZJY-team.elf.dir/Core/Src/ZJY/ZJY.c.obj
                0x08001444                pwm_set_of_flu
 .text.pwm_set_of_flu2
                0x08001484       0x40 CMakeFiles/ZJY-team.elf.dir/Core/Src/ZJY/ZJY.c.obj
                0x08001484                pwm_set_of_flu2
 .text.pwm_set_up
                0x080014c4       0x8c CMakeFiles/ZJY-team.elf.dir/Core/Src/ZJY/ZJY.c.obj
                0x080014c4                pwm_set_up
 .text.HAL_TIM_PeriodElapsedCallback
                0x08001550       0x58 CMakeFiles/ZJY-team.elf.dir/Core/Src/ZJY/ZJY.c.obj
                0x08001550                HAL_TIM_PeriodElapsedCallback
 .text.RetargetInit
                0x080015a8       0x20 CMakeFiles/ZJY-team.elf.dir/Core/Src/ZJY/retarget.c.obj
                0x080015a8                RetargetInit
 .text._isatty  0x080015c8       0x16 CMakeFiles/ZJY-team.elf.dir/Core/Src/ZJY/retarget.c.obj
                0x080015c8                _isatty
 *fill*         0x080015de        0x2 
 .text._write   0x080015e0       0x34 CMakeFiles/ZJY-team.elf.dir/Core/Src/ZJY/retarget.c.obj
                0x080015e0                _write
 .text._close   0x08001614       0x18 CMakeFiles/ZJY-team.elf.dir/Core/Src/ZJY/retarget.c.obj
                0x08001614                _close
 .text._lseek   0x0800162c       0x10 CMakeFiles/ZJY-team.elf.dir/Core/Src/ZJY/retarget.c.obj
                0x0800162c                _lseek
 .text._read    0x0800163c       0x30 CMakeFiles/ZJY-team.elf.dir/Core/Src/ZJY/retarget.c.obj
                0x0800163c                _read
 .text._fstat   0x0800166c       0x1a CMakeFiles/ZJY-team.elf.dir/Core/Src/ZJY/retarget.c.obj
                0x0800166c                _fstat
 *fill*         0x08001686        0x2 
 .text.MX_ADC1_Init
                0x08001688       0x5c CMakeFiles/ZJY-team.elf.dir/Core/Src/adc.c.obj
                0x08001688                MX_ADC1_Init
 .text.HAL_ADC_MspInit
                0x080016e4       0x70 CMakeFiles/ZJY-team.elf.dir/Core/Src/adc.c.obj
                0x080016e4                HAL_ADC_MspInit
 .text.MX_GPIO_Init
                0x08001754       0xd8 CMakeFiles/ZJY-team.elf.dir/Core/Src/gpio.c.obj
                0x08001754                MX_GPIO_Init
 .text.Error_Handler
                0x0800182c        0x4 CMakeFiles/ZJY-team.elf.dir/Core/Src/main.c.obj
                0x0800182c                Error_Handler
 .text.SystemClock_Config
                0x08001830       0x84 CMakeFiles/ZJY-team.elf.dir/Core/Src/main.c.obj
                0x08001830                SystemClock_Config
 .text.main     0x080018b4       0x60 CMakeFiles/ZJY-team.elf.dir/Core/Src/main.c.obj
                0x080018b4                main
 .text.HAL_MspInit
                0x08001914       0x4c CMakeFiles/ZJY-team.elf.dir/Core/Src/stm32f1xx_hal_msp.c.obj
                0x08001914                HAL_MspInit
 .text.NMI_Handler
                0x08001960        0x2 CMakeFiles/ZJY-team.elf.dir/Core/Src/stm32f1xx_it.c.obj
                0x08001960                NMI_Handler
 .text.HardFault_Handler
                0x08001962        0x2 CMakeFiles/ZJY-team.elf.dir/Core/Src/stm32f1xx_it.c.obj
                0x08001962                HardFault_Handler
 .text.MemManage_Handler
                0x08001964        0x2 CMakeFiles/ZJY-team.elf.dir/Core/Src/stm32f1xx_it.c.obj
                0x08001964                MemManage_Handler
 .text.BusFault_Handler
                0x08001966        0x2 CMakeFiles/ZJY-team.elf.dir/Core/Src/stm32f1xx_it.c.obj
                0x08001966                BusFault_Handler
 .text.UsageFault_Handler
                0x08001968        0x2 CMakeFiles/ZJY-team.elf.dir/Core/Src/stm32f1xx_it.c.obj
                0x08001968                UsageFault_Handler
 .text.SVC_Handler
                0x0800196a        0x2 CMakeFiles/ZJY-team.elf.dir/Core/Src/stm32f1xx_it.c.obj
                0x0800196a                SVC_Handler
 .text.DebugMon_Handler
                0x0800196c        0x2 CMakeFiles/ZJY-team.elf.dir/Core/Src/stm32f1xx_it.c.obj
                0x0800196c                DebugMon_Handler
 .text.PendSV_Handler
                0x0800196e        0x2 CMakeFiles/ZJY-team.elf.dir/Core/Src/stm32f1xx_it.c.obj
                0x0800196e                PendSV_Handler
 .text.SysTick_Handler
                0x08001970        0x8 CMakeFiles/ZJY-team.elf.dir/Core/Src/stm32f1xx_it.c.obj
                0x08001970                SysTick_Handler
 .text.ADC1_2_IRQHandler
                0x08001978       0x10 CMakeFiles/ZJY-team.elf.dir/Core/Src/stm32f1xx_it.c.obj
                0x08001978                ADC1_2_IRQHandler
 .text.TIM1_UP_IRQHandler
                0x08001988       0x10 CMakeFiles/ZJY-team.elf.dir/Core/Src/stm32f1xx_it.c.obj
                0x08001988                TIM1_UP_IRQHandler
 .text._getpid  0x08001998        0x4 CMakeFiles/ZJY-team.elf.dir/Core/Src/syscalls.c.obj
                0x08001998                _getpid
 .text._kill    0x0800199c       0x10 CMakeFiles/ZJY-team.elf.dir/Core/Src/syscalls.c.obj
                0x0800199c                _kill
 .text._exit    0x080019ac        0xc CMakeFiles/ZJY-team.elf.dir/Core/Src/syscalls.c.obj
                0x080019ac                _exit
 .text._sbrk    0x080019b8       0x3c CMakeFiles/ZJY-team.elf.dir/Core/Src/syscalls.c.obj
                0x080019b8                _sbrk
 .text.SystemInit
                0x080019f4        0x2 CMakeFiles/ZJY-team.elf.dir/Core/Src/system_stm32f1xx.c.obj
                0x080019f4                SystemInit
 *fill*         0x080019f6        0x2 
 .text.MX_TIM1_Init
                0x080019f8       0x74 CMakeFiles/ZJY-team.elf.dir/Core/Src/tim.c.obj
                0x080019f8                MX_TIM1_Init
 .text.HAL_TIM_Base_MspInit
                0x08001a6c       0x40 CMakeFiles/ZJY-team.elf.dir/Core/Src/tim.c.obj
                0x08001a6c                HAL_TIM_Base_MspInit
 .text.MX_USART1_UART_Init
                0x08001aac       0x34 CMakeFiles/ZJY-team.elf.dir/Core/Src/usart.c.obj
                0x08001aac                MX_USART1_UART_Init
 .text.HAL_UART_MspInit
                0x08001ae0       0x78 CMakeFiles/ZJY-team.elf.dir/Core/Src/usart.c.obj
                0x08001ae0                HAL_UART_MspInit
 .text.HAL_InitTick
                0x08001b58       0x4c CMakeFiles/ZJY-team.elf.dir/Drivers/STM32F1xx_HAL_Driver/Src/stm32f1xx_hal.c.obj
                0x08001b58                HAL_InitTick
 .text.HAL_Init
                0x08001ba4       0x24 CMakeFiles/ZJY-team.elf.dir/Drivers/STM32F1xx_HAL_Driver/Src/stm32f1xx_hal.c.obj
                0x08001ba4                HAL_Init
 .text.HAL_IncTick
                0x08001bc8       0x18 CMakeFiles/ZJY-team.elf.dir/Drivers/STM32F1xx_HAL_Driver/Src/stm32f1xx_hal.c.obj
                0x08001bc8                HAL_IncTick
 .text.HAL_GetTick
                0x08001be0        0xc CMakeFiles/ZJY-team.elf.dir/Drivers/STM32F1xx_HAL_Driver/Src/stm32f1xx_hal.c.obj
                0x08001be0                HAL_GetTick
 .text.HAL_Delay
                0x08001bec       0x28 CMakeFiles/ZJY-team.elf.dir/Drivers/STM32F1xx_HAL_Driver/Src/stm32f1xx_hal.c.obj
                0x08001bec                HAL_Delay
 .text.HAL_ADC_PollForConversion
                0x08001c14      0x184 CMakeFiles/ZJY-team.elf.dir/Drivers/STM32F1xx_HAL_Driver/Src/stm32f1xx_hal_adc.c.obj
                0x08001c14                HAL_ADC_PollForConversion
 .text.HAL_ADC_GetValue
                0x08001d98        0x6 CMakeFiles/ZJY-team.elf.dir/Drivers/STM32F1xx_HAL_Driver/Src/stm32f1xx_hal_adc.c.obj
                0x08001d98                HAL_ADC_GetValue
 .text.HAL_ADC_ConvCpltCallback
                0x08001d9e        0x2 CMakeFiles/ZJY-team.elf.dir/Drivers/STM32F1xx_HAL_Driver/Src/stm32f1xx_hal_adc.c.obj
                0x08001d9e                HAL_ADC_ConvCpltCallback
 .text.HAL_ADC_LevelOutOfWindowCallback
                0x08001da0        0x2 CMakeFiles/ZJY-team.elf.dir/Drivers/STM32F1xx_HAL_Driver/Src/stm32f1xx_hal_adc.c.obj
                0x08001da0                HAL_ADC_LevelOutOfWindowCallback
 .text.HAL_ADC_IRQHandler
                0x08001da2      0x10c CMakeFiles/ZJY-team.elf.dir/Drivers/STM32F1xx_HAL_Driver/Src/stm32f1xx_hal_adc.c.obj
                0x08001da2                HAL_ADC_IRQHandler
 *fill*         0x08001eae        0x2 
 .text.HAL_ADC_ConfigChannel
                0x08001eb0      0x144 CMakeFiles/ZJY-team.elf.dir/Drivers/STM32F1xx_HAL_Driver/Src/stm32f1xx_hal_adc.c.obj
                0x08001eb0                HAL_ADC_ConfigChannel
 .text.ADC_Enable
                0x08001ff4       0x88 CMakeFiles/ZJY-team.elf.dir/Drivers/STM32F1xx_HAL_Driver/Src/stm32f1xx_hal_adc.c.obj
                0x08001ff4                ADC_Enable
 .text.HAL_ADC_Start
                0x0800207c       0xe8 CMakeFiles/ZJY-team.elf.dir/Drivers/STM32F1xx_HAL_Driver/Src/stm32f1xx_hal_adc.c.obj
                0x0800207c                HAL_ADC_Start
 .text.ADC_ConversionStop_Disable
                0x08002164       0x56 CMakeFiles/ZJY-team.elf.dir/Drivers/STM32F1xx_HAL_Driver/Src/stm32f1xx_hal_adc.c.obj
                0x08002164                ADC_ConversionStop_Disable
 *fill*         0x080021ba        0x2 
 .text.HAL_ADC_Init
                0x080021bc      0x108 CMakeFiles/ZJY-team.elf.dir/Drivers/STM32F1xx_HAL_Driver/Src/stm32f1xx_hal_adc.c.obj
                0x080021bc                HAL_ADC_Init
 .text.HAL_ADCEx_Calibration_Start
                0x080022c4      0x100 CMakeFiles/ZJY-team.elf.dir/Drivers/STM32F1xx_HAL_Driver/Src/stm32f1xx_hal_adc_ex.c.obj
                0x080022c4                HAL_ADCEx_Calibration_Start
 .text.HAL_ADCEx_InjectedConvCpltCallback
                0x080023c4        0x2 CMakeFiles/ZJY-team.elf.dir/Drivers/STM32F1xx_HAL_Driver/Src/stm32f1xx_hal_adc_ex.c.obj
                0x080023c4                HAL_ADCEx_InjectedConvCpltCallback
 *fill*         0x080023c6        0x2 
 .text.HAL_NVIC_SetPriorityGrouping
                0x080023c8       0x24 CMakeFiles/ZJY-team.elf.dir/Drivers/STM32F1xx_HAL_Driver/Src/stm32f1xx_hal_cortex.c.obj
                0x080023c8                HAL_NVIC_SetPriorityGrouping
 .text.HAL_NVIC_SetPriority
                0x080023ec       0x70 CMakeFiles/ZJY-team.elf.dir/Drivers/STM32F1xx_HAL_Driver/Src/stm32f1xx_hal_cortex.c.obj
                0x080023ec                HAL_NVIC_SetPriority
 .text.HAL_NVIC_EnableIRQ
                0x0800245c       0x1c CMakeFiles/ZJY-team.elf.dir/Drivers/STM32F1xx_HAL_Driver/Src/stm32f1xx_hal_cortex.c.obj
                0x0800245c                HAL_NVIC_EnableIRQ
 .text.HAL_SYSTICK_Config
                0x08002478       0x28 CMakeFiles/ZJY-team.elf.dir/Drivers/STM32F1xx_HAL_Driver/Src/stm32f1xx_hal_cortex.c.obj
                0x08002478                HAL_SYSTICK_Config
 .text.HAL_GPIO_Init
                0x080024a0      0x224 CMakeFiles/ZJY-team.elf.dir/Drivers/STM32F1xx_HAL_Driver/Src/stm32f1xx_hal_gpio.c.obj
                0x080024a0                HAL_GPIO_Init
 .text.HAL_GPIO_ReadPin
                0x080026c4        0xe CMakeFiles/ZJY-team.elf.dir/Drivers/STM32F1xx_HAL_Driver/Src/stm32f1xx_hal_gpio.c.obj
                0x080026c4                HAL_GPIO_ReadPin
 .text.HAL_GPIO_WritePin
                0x080026d2        0xc CMakeFiles/ZJY-team.elf.dir/Drivers/STM32F1xx_HAL_Driver/Src/stm32f1xx_hal_gpio.c.obj
                0x080026d2                HAL_GPIO_WritePin
 .text.HAL_GPIO_TogglePin
                0x080026de       0x12 CMakeFiles/ZJY-team.elf.dir/Drivers/STM32F1xx_HAL_Driver/Src/stm32f1xx_hal_gpio.c.obj
                0x080026de                HAL_GPIO_TogglePin
 .text.RCC_Delay
                0x080026f0       0x2c CMakeFiles/ZJY-team.elf.dir/Drivers/STM32F1xx_HAL_Driver/Src/stm32f1xx_hal_rcc.c.obj
 .text.HAL_RCC_OscConfig
                0x0800271c      0x410 CMakeFiles/ZJY-team.elf.dir/Drivers/STM32F1xx_HAL_Driver/Src/stm32f1xx_hal_rcc.c.obj
                0x0800271c                HAL_RCC_OscConfig
 .text.HAL_RCC_GetSysClockFreq
                0x08002b2c       0x70 CMakeFiles/ZJY-team.elf.dir/Drivers/STM32F1xx_HAL_Driver/Src/stm32f1xx_hal_rcc.c.obj
                0x08002b2c                HAL_RCC_GetSysClockFreq
 .text.HAL_RCC_ClockConfig
                0x08002b9c      0x16c CMakeFiles/ZJY-team.elf.dir/Drivers/STM32F1xx_HAL_Driver/Src/stm32f1xx_hal_rcc.c.obj
                0x08002b9c                HAL_RCC_ClockConfig
 .text.HAL_RCC_GetHCLKFreq
                0x08002d08        0xc CMakeFiles/ZJY-team.elf.dir/Drivers/STM32F1xx_HAL_Driver/Src/stm32f1xx_hal_rcc.c.obj
                0x08002d08                HAL_RCC_GetHCLKFreq
 .text.HAL_RCC_GetPCLK1Freq
                0x08002d14       0x20 CMakeFiles/ZJY-team.elf.dir/Drivers/STM32F1xx_HAL_Driver/Src/stm32f1xx_hal_rcc.c.obj
                0x08002d14                HAL_RCC_GetPCLK1Freq
 .text.HAL_RCC_GetPCLK2Freq
                0x08002d34       0x20 CMakeFiles/ZJY-team.elf.dir/Drivers/STM32F1xx_HAL_Driver/Src/stm32f1xx_hal_rcc.c.obj
                0x08002d34                HAL_RCC_GetPCLK2Freq
 .text.HAL_RCCEx_PeriphCLKConfig
                0x08002d54      0x118 CMakeFiles/ZJY-team.elf.dir/Drivers/STM32F1xx_HAL_Driver/Src/stm32f1xx_hal_rcc_ex.c.obj
                0x08002d54                HAL_RCCEx_PeriphCLKConfig
 .text.HAL_RCCEx_GetPeriphCLKFreq
                0x08002e6c      0x100 CMakeFiles/ZJY-team.elf.dir/Drivers/STM32F1xx_HAL_Driver/Src/stm32f1xx_hal_rcc_ex.c.obj
                0x08002e6c                HAL_RCCEx_GetPeriphCLKFreq
 .text.TIM_TI1_ConfigInputStage
                0x08002f6c       0x24 CMakeFiles/ZJY-team.elf.dir/Drivers/STM32F1xx_HAL_Driver/Src/stm32f1xx_hal_tim.c.obj
 .text.TIM_TI2_ConfigInputStage
                0x08002f90       0x26 CMakeFiles/ZJY-team.elf.dir/Drivers/STM32F1xx_HAL_Driver/Src/stm32f1xx_hal_tim.c.obj
 .text.TIM_ITRx_SetConfig
                0x08002fb6       0x10 CMakeFiles/ZJY-team.elf.dir/Drivers/STM32F1xx_HAL_Driver/Src/stm32f1xx_hal_tim.c.obj
 *fill*         0x08002fc6        0x2 
 .text.HAL_TIM_Base_Start_IT
                0x08002fc8       0x68 CMakeFiles/ZJY-team.elf.dir/Drivers/STM32F1xx_HAL_Driver/Src/stm32f1xx_hal_tim.c.obj
                0x08002fc8                HAL_TIM_Base_Start_IT
 .text.HAL_TIM_OC_DelayElapsedCallback
                0x08003030        0x2 CMakeFiles/ZJY-team.elf.dir/Drivers/STM32F1xx_HAL_Driver/Src/stm32f1xx_hal_tim.c.obj
                0x08003030                HAL_TIM_OC_DelayElapsedCallback
 .text.HAL_TIM_IC_CaptureCallback
                0x08003032        0x2 CMakeFiles/ZJY-team.elf.dir/Drivers/STM32F1xx_HAL_Driver/Src/stm32f1xx_hal_tim.c.obj
                0x08003032                HAL_TIM_IC_CaptureCallback
 .text.HAL_TIM_PWM_PulseFinishedCallback
                0x08003034        0x2 CMakeFiles/ZJY-team.elf.dir/Drivers/STM32F1xx_HAL_Driver/Src/stm32f1xx_hal_tim.c.obj
                0x08003034                HAL_TIM_PWM_PulseFinishedCallback
 .text.HAL_TIM_TriggerCallback
                0x08003036        0x2 CMakeFiles/ZJY-team.elf.dir/Drivers/STM32F1xx_HAL_Driver/Src/stm32f1xx_hal_tim.c.obj
                0x08003036                HAL_TIM_TriggerCallback
 .text.HAL_TIM_IRQHandler
                0x08003038      0x17a CMakeFiles/ZJY-team.elf.dir/Drivers/STM32F1xx_HAL_Driver/Src/stm32f1xx_hal_tim.c.obj
                0x08003038                HAL_TIM_IRQHandler
 *fill*         0x080031b2        0x2 
 .text.TIM_Base_SetConfig
                0x080031b4       0x74 CMakeFiles/ZJY-team.elf.dir/Drivers/STM32F1xx_HAL_Driver/Src/stm32f1xx_hal_tim.c.obj
                0x080031b4                TIM_Base_SetConfig
 .text.HAL_TIM_Base_Init
                0x08003228       0x58 CMakeFiles/ZJY-team.elf.dir/Drivers/STM32F1xx_HAL_Driver/Src/stm32f1xx_hal_tim.c.obj
                0x08003228                HAL_TIM_Base_Init
 .text.TIM_ETR_SetConfig
                0x08003280       0x18 CMakeFiles/ZJY-team.elf.dir/Drivers/STM32F1xx_HAL_Driver/Src/stm32f1xx_hal_tim.c.obj
                0x08003280                TIM_ETR_SetConfig
 .text.HAL_TIM_ConfigClockSource
                0x08003298       0xda CMakeFiles/ZJY-team.elf.dir/Drivers/STM32F1xx_HAL_Driver/Src/stm32f1xx_hal_tim.c.obj
                0x08003298                HAL_TIM_ConfigClockSource
 *fill*         0x08003372        0x2 
 .text.HAL_TIMEx_MasterConfigSynchronization
                0x08003374       0x6c CMakeFiles/ZJY-team.elf.dir/Drivers/STM32F1xx_HAL_Driver/Src/stm32f1xx_hal_tim_ex.c.obj
                0x08003374                HAL_TIMEx_MasterConfigSynchronization
 .text.HAL_TIMEx_CommutCallback
                0x080033e0        0x2 CMakeFiles/ZJY-team.elf.dir/Drivers/STM32F1xx_HAL_Driver/Src/stm32f1xx_hal_tim_ex.c.obj
                0x080033e0                HAL_TIMEx_CommutCallback
 .text.HAL_TIMEx_BreakCallback
                0x080033e2        0x2 CMakeFiles/ZJY-team.elf.dir/Drivers/STM32F1xx_HAL_Driver/Src/stm32f1xx_hal_tim_ex.c.obj
                0x080033e2                HAL_TIMEx_BreakCallback
 .text.UART_SetConfig
                0x080033e4       0x94 CMakeFiles/ZJY-team.elf.dir/Drivers/STM32F1xx_HAL_Driver/Src/stm32f1xx_hal_uart.c.obj
 .text.UART_WaitOnFlagUntilTimeout
                0x08003478       0x6c CMakeFiles/ZJY-team.elf.dir/Drivers/STM32F1xx_HAL_Driver/Src/stm32f1xx_hal_uart.c.obj
 .text.HAL_UART_Init
                0x080034e4       0x5e CMakeFiles/ZJY-team.elf.dir/Drivers/STM32F1xx_HAL_Driver/Src/stm32f1xx_hal_uart.c.obj
                0x080034e4                HAL_UART_Init
 .text.HAL_UART_Transmit
                0x08003542       0xd8 CMakeFiles/ZJY-team.elf.dir/Drivers/STM32F1xx_HAL_Driver/Src/stm32f1xx_hal_uart.c.obj
                0x08003542                HAL_UART_Transmit
 .text.HAL_UART_Receive
                0x0800361a       0xe4 CMakeFiles/ZJY-team.elf.dir/Drivers/STM32F1xx_HAL_Driver/Src/stm32f1xx_hal_uart.c.obj
                0x0800361a                HAL_UART_Receive
 *fill*         0x080036fe        0x2 
 .text.Reset_Handler
                0x08003700       0x48 CMakeFiles/ZJY-team.elf.dir/startup/startup_stm32f103xb.s.obj
                0x08003700                Reset_Handler
 .text.Default_Handler
                0x08003748        0x2 CMakeFiles/ZJY-team.elf.dir/startup/startup_stm32f103xb.s.obj
                0x08003748                RTC_Alarm_IRQHandler
                0x08003748                EXTI2_IRQHandler
                0x08003748                TIM1_CC_IRQHandler
                0x08003748                PVD_IRQHandler
                0x08003748                EXTI3_IRQHandler
                0x08003748                EXTI0_IRQHandler
                0x08003748                I2C2_EV_IRQHandler
                0x08003748                SPI1_IRQHandler
                0x08003748                TAMPER_IRQHandler
                0x08003748                DMA1_Channel4_IRQHandler
                0x08003748                USART3_IRQHandler
                0x08003748                RTC_IRQHandler
                0x08003748                DMA1_Channel7_IRQHandler
                0x08003748                CAN1_RX1_IRQHandler
                0x08003748                TIM4_IRQHandler
                0x08003748                I2C1_EV_IRQHandler
                0x08003748                DMA1_Channel6_IRQHandler
                0x08003748                TIM3_IRQHandler
                0x08003748                RCC_IRQHandler
                0x08003748                TIM1_TRG_COM_IRQHandler
                0x08003748                DMA1_Channel1_IRQHandler
                0x08003748                Default_Handler
                0x08003748                EXTI15_10_IRQHandler
                0x08003748                EXTI9_5_IRQHandler
                0x08003748                SPI2_IRQHandler
                0x08003748                DMA1_Channel5_IRQHandler
                0x08003748                EXTI4_IRQHandler
                0x08003748                USB_LP_CAN1_RX0_IRQHandler
                0x08003748                USB_HP_CAN1_TX_IRQHandler
                0x08003748                DMA1_Channel3_IRQHandler
                0x08003748                WWDG_IRQHandler
                0x08003748                TIM2_IRQHandler
                0x08003748                TIM1_BRK_IRQHandler
                0x08003748                EXTI1_IRQHandler
                0x08003748                USART2_IRQHandler
                0x08003748                I2C2_ER_IRQHandler
                0x08003748                DMA1_Channel2_IRQHandler
                0x08003748                CAN1_SCE_IRQHandler
                0x08003748                FLASH_IRQHandler
                0x08003748                USART1_IRQHandler
                0x08003748                I2C1_ER_IRQHandler
                0x08003748                USBWakeUp_IRQHandler
 *fill*         0x0800374a        0x2 
 .text.__errno  0x0800374c        0xc c:/progra~2/gnuarm~1/102021~1.10/bin/../lib/gcc/arm-none-eabi/10.3.1/../../../../arm-none-eabi/lib/thumb/v7-m/nofp\libg.a(lib_a-errno.o)
                0x0800374c                __errno
 .text.__libc_init_array
                0x08003758       0x48 c:/progra~2/gnuarm~1/102021~1.10/bin/../lib/gcc/arm-none-eabi/10.3.1/../../../../arm-none-eabi/lib/thumb/v7-m/nofp\libg.a(lib_a-init.o)
                0x08003758                __libc_init_array
 .text.memset   0x080037a0       0xa4 c:/progra~2/gnuarm~1/102021~1.10/bin/../lib/gcc/arm-none-eabi/10.3.1/../../../../arm-none-eabi/lib/thumb/v7-m/nofp\libg.a(lib_a-memset.o)
                0x080037a0                memset
 .text.printf   0x08003844       0x28 c:/progra~2/gnuarm~1/102021~1.10/bin/../lib/gcc/arm-none-eabi/10.3.1/../../../../arm-none-eabi/lib/thumb/v7-m/nofp\libg.a(lib_a-printf.o)
                0x08003844                printf
 .text.setvbuf  0x0800386c      0x1b0 c:/progra~2/gnuarm~1/102021~1.10/bin/../lib/gcc/arm-none-eabi/10.3.1/../../../../arm-none-eabi/lib/thumb/v7-m/nofp\libg.a(lib_a-setvbuf.o)
                0x0800386c                setvbuf
 .text._vfprintf_r
                0x08003a1c     0x1b58 c:/progra~2/gnuarm~1/102021~1.10/bin/../lib/gcc/arm-none-eabi/10.3.1/../../../../arm-none-eabi/lib/thumb/v7-m/nofp\libg.a(lib_a-vfprintf.o)
                0x08003a1c                _vfprintf_r
 .text.__sbprintf
                0x08005574       0x84 c:/progra~2/gnuarm~1/102021~1.10/bin/../lib/gcc/arm-none-eabi/10.3.1/../../../../arm-none-eabi/lib/thumb/v7-m/nofp\libg.a(lib_a-vfprintf.o)
 .text.__swsetup_r
                0x080055f8       0xd4 c:/progra~2/gnuarm~1/102021~1.10/bin/../lib/gcc/arm-none-eabi/10.3.1/../../../../arm-none-eabi/lib/thumb/v7-m/nofp\libg.a(lib_a-wsetup.o)
                0x080055f8                __swsetup_r
 .text.startup.register_fini
                0x080056cc       0x14 c:/progra~2/gnuarm~1/102021~1.10/bin/../lib/gcc/arm-none-eabi/10.3.1/../../../../arm-none-eabi/lib/thumb/v7-m/nofp\libg.a(lib_a-__call_atexit.o)
 .text.atexit   0x080056e0        0xc c:/progra~2/gnuarm~1/102021~1.10/bin/../lib/gcc/arm-none-eabi/10.3.1/../../../../arm-none-eabi/lib/thumb/v7-m/nofp\libg.a(lib_a-atexit.o)
                0x080056e0                atexit
 .text.quorem   0x080056ec      0x12c c:/progra~2/gnuarm~1/102021~1.10/bin/../lib/gcc/arm-none-eabi/10.3.1/../../../../arm-none-eabi/lib/thumb/v7-m/nofp\libg.a(lib_a-dtoa.o)
 .text._dtoa_r  0x08005818      0xecc c:/progra~2/gnuarm~1/102021~1.10/bin/../lib/gcc/arm-none-eabi/10.3.1/../../../../arm-none-eabi/lib/thumb/v7-m/nofp\libg.a(lib_a-dtoa.o)
                0x08005818                _dtoa_r
 .text.__sflush_r
                0x080066e4      0x124 c:/progra~2/gnuarm~1/102021~1.10/bin/../lib/gcc/arm-none-eabi/10.3.1/../../../../arm-none-eabi/lib/thumb/v7-m/nofp\libg.a(lib_a-fflush.o)
                0x080066e4                __sflush_r
 .text._fflush_r
                0x08006808       0x5c c:/progra~2/gnuarm~1/102021~1.10/bin/../lib/gcc/arm-none-eabi/10.3.1/../../../../arm-none-eabi/lib/thumb/v7-m/nofp\libg.a(lib_a-fflush.o)
                0x08006808                _fflush_r
 .text._cleanup_r
                0x08006864        0xc c:/progra~2/gnuarm~1/102021~1.10/bin/../lib/gcc/arm-none-eabi/10.3.1/../../../../arm-none-eabi/lib/thumb/v7-m/nofp\libg.a(lib_a-findfp.o)
                0x08006864                _cleanup_r
 .text.__sinit  0x08006870      0x10c c:/progra~2/gnuarm~1/102021~1.10/bin/../lib/gcc/arm-none-eabi/10.3.1/../../../../arm-none-eabi/lib/thumb/v7-m/nofp\libg.a(lib_a-findfp.o)
                0x08006870                __sinit
 .text.__sfp_lock_acquire
                0x0800697c        0xc c:/progra~2/gnuarm~1/102021~1.10/bin/../lib/gcc/arm-none-eabi/10.3.1/../../../../arm-none-eabi/lib/thumb/v7-m/nofp\libg.a(lib_a-findfp.o)
                0x0800697c                __sfp_lock_acquire
 .text.__sfp_lock_release
                0x08006988        0xc c:/progra~2/gnuarm~1/102021~1.10/bin/../lib/gcc/arm-none-eabi/10.3.1/../../../../arm-none-eabi/lib/thumb/v7-m/nofp\libg.a(lib_a-findfp.o)
                0x08006988                __sfp_lock_release
 .text.__libc_fini_array
                0x08006994       0x2c c:/progra~2/gnuarm~1/102021~1.10/bin/../lib/gcc/arm-none-eabi/10.3.1/../../../../arm-none-eabi/lib/thumb/v7-m/nofp\libg.a(lib_a-fini.o)
                0x08006994                __libc_fini_array
 .text._malloc_trim_r
                0x080069c0       0xa0 c:/progra~2/gnuarm~1/102021~1.10/bin/../lib/gcc/arm-none-eabi/10.3.1/../../../../arm-none-eabi/lib/thumb/v7-m/nofp\libg.a(lib_a-freer.o)
                0x080069c0                _malloc_trim_r
 .text._free_r  0x08006a60      0x200 c:/progra~2/gnuarm~1/102021~1.10/bin/../lib/gcc/arm-none-eabi/10.3.1/../../../../arm-none-eabi/lib/thumb/v7-m/nofp\libg.a(lib_a-freer.o)
                0x08006a60                _free_r
 .text._fwalk_reent
                0x08006c60       0x48 c:/progra~2/gnuarm~1/102021~1.10/bin/../lib/gcc/arm-none-eabi/10.3.1/../../../../arm-none-eabi/lib/thumb/v7-m/nofp\libg.a(lib_a-fwalk.o)
                0x08006c60                _fwalk_reent
 .text._localeconv_r
                0x08006ca8        0x8 c:/progra~2/gnuarm~1/102021~1.10/bin/../lib/gcc/arm-none-eabi/10.3.1/../../../../arm-none-eabi/lib/thumb/v7-m/nofp\libg.a(lib_a-localeconv.o)
                0x08006ca8                _localeconv_r
 .text.__retarget_lock_init_recursive
                0x08006cb0        0x4 c:/progra~2/gnuarm~1/102021~1.10/bin/../lib/gcc/arm-none-eabi/10.3.1/../../../../arm-none-eabi/lib/thumb/v7-m/nofp\libg.a(lib_a-lock.o)
                0x08006cb0                __retarget_lock_init_recursive
 .text.__retarget_lock_close_recursive
                0x08006cb4        0x4 c:/progra~2/gnuarm~1/102021~1.10/bin/../lib/gcc/arm-none-eabi/10.3.1/../../../../arm-none-eabi/lib/thumb/v7-m/nofp\libg.a(lib_a-lock.o)
                0x08006cb4                __retarget_lock_close_recursive
 .text.__retarget_lock_acquire_recursive
                0x08006cb8        0x4 c:/progra~2/gnuarm~1/102021~1.10/bin/../lib/gcc/arm-none-eabi/10.3.1/../../../../arm-none-eabi/lib/thumb/v7-m/nofp\libg.a(lib_a-lock.o)
                0x08006cb8                __retarget_lock_acquire_recursive
 .text.__retarget_lock_release_recursive
                0x08006cbc        0x4 c:/progra~2/gnuarm~1/102021~1.10/bin/../lib/gcc/arm-none-eabi/10.3.1/../../../../arm-none-eabi/lib/thumb/v7-m/nofp\libg.a(lib_a-lock.o)
                0x08006cbc                __retarget_lock_release_recursive
 .text.__smakebuf_r
                0x08006cc0       0xe0 c:/progra~2/gnuarm~1/102021~1.10/bin/../lib/gcc/arm-none-eabi/10.3.1/../../../../arm-none-eabi/lib/thumb/v7-m/nofp\libg.a(lib_a-makebuf.o)
                0x08006cc0                __smakebuf_r
 .text.__swhatbuf_r
                0x08006da0       0x60 c:/progra~2/gnuarm~1/102021~1.10/bin/../lib/gcc/arm-none-eabi/10.3.1/../../../../arm-none-eabi/lib/thumb/v7-m/nofp\libg.a(lib_a-makebuf.o)
                0x08006da0                __swhatbuf_r
 .text.malloc   0x08006e00       0x10 c:/progra~2/gnuarm~1/102021~1.10/bin/../lib/gcc/arm-none-eabi/10.3.1/../../../../arm-none-eabi/lib/thumb/v7-m/nofp\libg.a(lib_a-malloc.o)
                0x08006e00                malloc
 .text._malloc_r
                0x08006e10      0x558 c:/progra~2/gnuarm~1/102021~1.10/bin/../lib/gcc/arm-none-eabi/10.3.1/../../../../arm-none-eabi/lib/thumb/v7-m/nofp\libg.a(lib_a-mallocr.o)
                0x08006e10                _malloc_r
 .text.memchr   0x08007368       0x90 c:/progra~2/gnuarm~1/102021~1.10/bin/../lib/gcc/arm-none-eabi/10.3.1/../../../../arm-none-eabi/lib/thumb/v7-m/nofp\libg.a(lib_a-memchr-stub.o)
                0x08007368                memchr
 .text.__malloc_lock
                0x080073f8        0xc c:/progra~2/gnuarm~1/102021~1.10/bin/../lib/gcc/arm-none-eabi/10.3.1/../../../../arm-none-eabi/lib/thumb/v7-m/nofp\libg.a(lib_a-mlock.o)
                0x080073f8                __malloc_lock
 .text.__malloc_unlock
                0x08007404        0xc c:/progra~2/gnuarm~1/102021~1.10/bin/../lib/gcc/arm-none-eabi/10.3.1/../../../../arm-none-eabi/lib/thumb/v7-m/nofp\libg.a(lib_a-mlock.o)
                0x08007404                __malloc_unlock
 .text._Balloc  0x08007410       0x4c c:/progra~2/gnuarm~1/102021~1.10/bin/../lib/gcc/arm-none-eabi/10.3.1/../../../../arm-none-eabi/lib/thumb/v7-m/nofp\libg.a(lib_a-mprec.o)
                0x08007410                _Balloc
 .text._Bfree   0x0800745c       0x14 c:/progra~2/gnuarm~1/102021~1.10/bin/../lib/gcc/arm-none-eabi/10.3.1/../../../../arm-none-eabi/lib/thumb/v7-m/nofp\libg.a(lib_a-mprec.o)
                0x0800745c                _Bfree
 .text.__multadd
                0x08007470       0xa4 c:/progra~2/gnuarm~1/102021~1.10/bin/../lib/gcc/arm-none-eabi/10.3.1/../../../../arm-none-eabi/lib/thumb/v7-m/nofp\libg.a(lib_a-mprec.o)
                0x08007470                __multadd
 .text.__hi0bits
                0x08007514       0x40 c:/progra~2/gnuarm~1/102021~1.10/bin/../lib/gcc/arm-none-eabi/10.3.1/../../../../arm-none-eabi/lib/thumb/v7-m/nofp\libg.a(lib_a-mprec.o)
                0x08007514                __hi0bits
 .text.__lo0bits
                0x08007554       0x58 c:/progra~2/gnuarm~1/102021~1.10/bin/../lib/gcc/arm-none-eabi/10.3.1/../../../../arm-none-eabi/lib/thumb/v7-m/nofp\libg.a(lib_a-mprec.o)
                0x08007554                __lo0bits
 .text.__i2b    0x080075ac       0x5c c:/progra~2/gnuarm~1/102021~1.10/bin/../lib/gcc/arm-none-eabi/10.3.1/../../../../arm-none-eabi/lib/thumb/v7-m/nofp\libg.a(lib_a-mprec.o)
                0x080075ac                __i2b
 .text.__multiply
                0x08007608      0x15c c:/progra~2/gnuarm~1/102021~1.10/bin/../lib/gcc/arm-none-eabi/10.3.1/../../../../arm-none-eabi/lib/thumb/v7-m/nofp\libg.a(lib_a-mprec.o)
                0x08007608                __multiply
 .text.__pow5mult
                0x08007764       0xb8 c:/progra~2/gnuarm~1/102021~1.10/bin/../lib/gcc/arm-none-eabi/10.3.1/../../../../arm-none-eabi/lib/thumb/v7-m/nofp\libg.a(lib_a-mprec.o)
                0x08007764                __pow5mult
 .text.__lshift
                0x0800781c       0xec c:/progra~2/gnuarm~1/102021~1.10/bin/../lib/gcc/arm-none-eabi/10.3.1/../../../../arm-none-eabi/lib/thumb/v7-m/nofp\libg.a(lib_a-mprec.o)
                0x0800781c                __lshift
 .text.__mcmp   0x08007908       0x40 c:/progra~2/gnuarm~1/102021~1.10/bin/../lib/gcc/arm-none-eabi/10.3.1/../../../../arm-none-eabi/lib/thumb/v7-m/nofp\libg.a(lib_a-mprec.o)
                0x08007908                __mcmp
 .text.__mdiff  0x08007948      0x14c c:/progra~2/gnuarm~1/102021~1.10/bin/../lib/gcc/arm-none-eabi/10.3.1/../../../../arm-none-eabi/lib/thumb/v7-m/nofp\libg.a(lib_a-mprec.o)
                0x08007948                __mdiff
 .text.__d2b    0x08007a94       0xc4 c:/progra~2/gnuarm~1/102021~1.10/bin/../lib/gcc/arm-none-eabi/10.3.1/../../../../arm-none-eabi/lib/thumb/v7-m/nofp\libg.a(lib_a-mprec.o)
                0x08007a94                __d2b
 .text.frexp    0x08007b58       0x70 c:/progra~2/gnuarm~1/102021~1.10/bin/../lib/gcc/arm-none-eabi/10.3.1/../../../../arm-none-eabi/lib/thumb/v7-m/nofp\libg.a(lib_a-s_frexp.o)
                0x08007b58                frexp
 .text._sbrk_r  0x08007bc8       0x24 c:/progra~2/gnuarm~1/102021~1.10/bin/../lib/gcc/arm-none-eabi/10.3.1/../../../../arm-none-eabi/lib/thumb/v7-m/nofp\libg.a(lib_a-sbrkr.o)
                0x08007bc8                _sbrk_r
 .text.__sread  0x08007bec       0x24 c:/progra~2/gnuarm~1/102021~1.10/bin/../lib/gcc/arm-none-eabi/10.3.1/../../../../arm-none-eabi/lib/thumb/v7-m/nofp\libg.a(lib_a-stdio.o)
                0x08007bec                __sread
 .text.__swrite
                0x08007c10       0x40 c:/progra~2/gnuarm~1/102021~1.10/bin/../lib/gcc/arm-none-eabi/10.3.1/../../../../arm-none-eabi/lib/thumb/v7-m/nofp\libg.a(lib_a-stdio.o)
                0x08007c10                __swrite
 .text.__sseek  0x08007c50       0x20 c:/progra~2/gnuarm~1/102021~1.10/bin/../lib/gcc/arm-none-eabi/10.3.1/../../../../arm-none-eabi/lib/thumb/v7-m/nofp\libg.a(lib_a-stdio.o)
                0x08007c50                __sseek
 .text.__sclose
                0x08007c70        0x8 c:/progra~2/gnuarm~1/102021~1.10/bin/../lib/gcc/arm-none-eabi/10.3.1/../../../../arm-none-eabi/lib/thumb/v7-m/nofp\libg.a(lib_a-stdio.o)
                0x08007c70                __sclose
 .text.strlen   0x08007c78       0x5c c:/progra~2/gnuarm~1/102021~1.10/bin/../lib/gcc/arm-none-eabi/10.3.1/../../../../arm-none-eabi/lib/thumb/v7-m/nofp\libg.a(lib_a-strlen-stub.o)
                0x08007c78                strlen
 .text.strncpy  0x08007cd4       0x68 c:/progra~2/gnuarm~1/102021~1.10/bin/../lib/gcc/arm-none-eabi/10.3.1/../../../../arm-none-eabi/lib/thumb/v7-m/nofp\libg.a(lib_a-strncpy.o)
                0x08007cd4                strncpy
 .text.__sprint_r.part.0
                0x08007d3c       0x78 c:/progra~2/gnuarm~1/102021~1.10/bin/../lib/gcc/arm-none-eabi/10.3.1/../../../../arm-none-eabi/lib/thumb/v7-m/nofp\libg.a(lib_a-vfiprintf.o)
 .text.__sprint_r
                0x08007db4       0x14 c:/progra~2/gnuarm~1/102021~1.10/bin/../lib/gcc/arm-none-eabi/10.3.1/../../../../arm-none-eabi/lib/thumb/v7-m/nofp\libg.a(lib_a-vfiprintf.o)
                0x08007db4                __sprint_r
 .text._vfiprintf_r
                0x08007dc8      0xd98 c:/progra~2/gnuarm~1/102021~1.10/bin/../lib/gcc/arm-none-eabi/10.3.1/../../../../arm-none-eabi/lib/thumb/v7-m/nofp\libg.a(lib_a-vfiprintf.o)
                0x08007dc8                _vfiprintf_r
 .text.__sbprintf
                0x08008b60       0x84 c:/progra~2/gnuarm~1/102021~1.10/bin/../lib/gcc/arm-none-eabi/10.3.1/../../../../arm-none-eabi/lib/thumb/v7-m/nofp\libg.a(lib_a-vfiprintf.o)
 .text._write_r
                0x08008be4       0x2c c:/progra~2/gnuarm~1/102021~1.10/bin/../lib/gcc/arm-none-eabi/10.3.1/../../../../arm-none-eabi/lib/thumb/v7-m/nofp\libg.a(lib_a-writer.o)
                0x08008be4                _write_r
 .text.__register_exitproc
                0x08008c10       0x8c c:/progra~2/gnuarm~1/102021~1.10/bin/../lib/gcc/arm-none-eabi/10.3.1/../../../../arm-none-eabi/lib/thumb/v7-m/nofp\libg.a(lib_a-__atexit.o)
                0x08008c10                __register_exitproc
 .text.__assert_func
                0x08008c9c       0x40 c:/progra~2/gnuarm~1/102021~1.10/bin/../lib/gcc/arm-none-eabi/10.3.1/../../../../arm-none-eabi/lib/thumb/v7-m/nofp\libg.a(lib_a-assert.o)
                0x08008c9c                __assert_func
 .text._calloc_r
                0x08008cdc       0x78 c:/progra~2/gnuarm~1/102021~1.10/bin/../lib/gcc/arm-none-eabi/10.3.1/../../../../arm-none-eabi/lib/thumb/v7-m/nofp\libg.a(lib_a-callocr.o)
                0x08008cdc                _calloc_r
 .text._close_r
                0x08008d54       0x24 c:/progra~2/gnuarm~1/102021~1.10/bin/../lib/gcc/arm-none-eabi/10.3.1/../../../../arm-none-eabi/lib/thumb/v7-m/nofp\libg.a(lib_a-closer.o)
                0x08008d54                _close_r
 .text._fclose_r
                0x08008d78       0xcc c:/progra~2/gnuarm~1/102021~1.10/bin/../lib/gcc/arm-none-eabi/10.3.1/../../../../arm-none-eabi/lib/thumb/v7-m/nofp\libg.a(lib_a-fclose.o)
                0x08008d78                _fclose_r
 .text.fiprintf
                0x08008e44       0x28 c:/progra~2/gnuarm~1/102021~1.10/bin/../lib/gcc/arm-none-eabi/10.3.1/../../../../arm-none-eabi/lib/thumb/v7-m/nofp\libg.a(lib_a-fiprintf.o)
                0x08008e44                fiprintf
 .text.__fputwc
                0x08008e6c       0xa0 c:/progra~2/gnuarm~1/102021~1.10/bin/../lib/gcc/arm-none-eabi/10.3.1/../../../../arm-none-eabi/lib/thumb/v7-m/nofp\libg.a(lib_a-fputwc.o)
                0x08008e6c                __fputwc
 .text._fputwc_r
                0x08008f0c       0x68 c:/progra~2/gnuarm~1/102021~1.10/bin/../lib/gcc/arm-none-eabi/10.3.1/../../../../arm-none-eabi/lib/thumb/v7-m/nofp\libg.a(lib_a-fputwc.o)
                0x08008f0c                _fputwc_r
 .text._fstat_r
                0x08008f74       0x28 c:/progra~2/gnuarm~1/102021~1.10/bin/../lib/gcc/arm-none-eabi/10.3.1/../../../../arm-none-eabi/lib/thumb/v7-m/nofp\libg.a(lib_a-fstatr.o)
                0x08008f74                _fstat_r
 .text.__sfvwrite_r
                0x08008f9c      0x2f0 c:/progra~2/gnuarm~1/102021~1.10/bin/../lib/gcc/arm-none-eabi/10.3.1/../../../../arm-none-eabi/lib/thumb/v7-m/nofp\libg.a(lib_a-fvwrite.o)
                0x08008f9c                __sfvwrite_r
 .text._isatty_r
                0x0800928c       0x24 c:/progra~2/gnuarm~1/102021~1.10/bin/../lib/gcc/arm-none-eabi/10.3.1/../../../../arm-none-eabi/lib/thumb/v7-m/nofp\libg.a(lib_a-isattyr.o)
                0x0800928c                _isatty_r
 .text.__locale_mb_cur_max
                0x080092b0        0xc c:/progra~2/gnuarm~1/102021~1.10/bin/../lib/gcc/arm-none-eabi/10.3.1/../../../../arm-none-eabi/lib/thumb/v7-m/nofp\libg.a(lib_a-locale.o)
                0x080092b0                __locale_mb_cur_max
 .text._lseek_r
                0x080092bc       0x2c c:/progra~2/gnuarm~1/102021~1.10/bin/../lib/gcc/arm-none-eabi/10.3.1/../../../../arm-none-eabi/lib/thumb/v7-m/nofp\libg.a(lib_a-lseekr.o)
                0x080092bc                _lseek_r
 .text.__ascii_mbtowc
                0x080092e8       0x2c c:/progra~2/gnuarm~1/102021~1.10/bin/../lib/gcc/arm-none-eabi/10.3.1/../../../../arm-none-eabi/lib/thumb/v7-m/nofp\libg.a(lib_a-mbtowc_r.o)
                0x080092e8                __ascii_mbtowc
 .text.memmove  0x08009314       0xf8 c:/progra~2/gnuarm~1/102021~1.10/bin/../lib/gcc/arm-none-eabi/10.3.1/../../../../arm-none-eabi/lib/thumb/v7-m/nofp\libg.a(lib_a-memmove.o)
                0x08009314                memmove
 .text._read_r  0x0800940c       0x2c c:/progra~2/gnuarm~1/102021~1.10/bin/../lib/gcc/arm-none-eabi/10.3.1/../../../../arm-none-eabi/lib/thumb/v7-m/nofp\libg.a(lib_a-readr.o)
                0x0800940c                _read_r
 .text._realloc_r
                0x08009438      0x3dc c:/progra~2/gnuarm~1/102021~1.10/bin/../lib/gcc/arm-none-eabi/10.3.1/../../../../arm-none-eabi/lib/thumb/v7-m/nofp\libg.a(lib_a-reallocr.o)
                0x08009438                _realloc_r
 .text.__swbuf_r
                0x08009814       0xb0 c:/progra~2/gnuarm~1/102021~1.10/bin/../lib/gcc/arm-none-eabi/10.3.1/../../../../arm-none-eabi/lib/thumb/v7-m/nofp\libg.a(lib_a-wbuf.o)
                0x08009814                __swbuf_r
 .text._wcrtomb_r
                0x080098c4       0x3c c:/progra~2/gnuarm~1/102021~1.10/bin/../lib/gcc/arm-none-eabi/10.3.1/../../../../arm-none-eabi/lib/thumb/v7-m/nofp\libg.a(lib_a-wcrtomb.o)
                0x080098c4                _wcrtomb_r
 .text.__ascii_wctomb
                0x08009900       0x1c c:/progra~2/gnuarm~1/102021~1.10/bin/../lib/gcc/arm-none-eabi/10.3.1/../../../../arm-none-eabi/lib/thumb/v7-m/nofp\libg.a(lib_a-wctomb_r.o)
                0x08009900                __ascii_wctomb
 .text.abort    0x0800991c       0x10 c:/progra~2/gnuarm~1/102021~1.10/bin/../lib/gcc/arm-none-eabi/10.3.1/../../../../arm-none-eabi/lib/thumb/v7-m/nofp\libg.a(lib_a-abort.o)
                0x0800991c                abort
 .text.raise    0x0800992c       0x5c c:/progra~2/gnuarm~1/102021~1.10/bin/../lib/gcc/arm-none-eabi/10.3.1/../../../../arm-none-eabi/lib/thumb/v7-m/nofp\libg.a(lib_a-signal.o)
                0x0800992c                raise
 .text._kill_r  0x08009988       0x28 c:/progra~2/gnuarm~1/102021~1.10/bin/../lib/gcc/arm-none-eabi/10.3.1/../../../../arm-none-eabi/lib/thumb/v7-m/nofp\libg.a(lib_a-signalr.o)
                0x08009988                _kill_r
 .text._getpid_r
                0x080099b0        0x4 c:/progra~2/gnuarm~1/102021~1.10/bin/../lib/gcc/arm-none-eabi/10.3.1/../../../../arm-none-eabi/lib/thumb/v7-m/nofp\libg.a(lib_a-signalr.o)
                0x080099b0                _getpid_r
 *(.glue_7)
 .glue_7        0x080099b4        0x0 linker stubs
 *(.glue_7t)
 .glue_7t       0x080099b4        0x0 linker stubs
 *(.eh_frame)
 .eh_frame      0x080099b4        0x0 c:/progra~2/gnuarm~1/102021~1.10/bin/../lib/gcc/arm-none-eabi/10.3.1/thumb/v7-m/nofp/crtbegin.o
 *(.init)
 .init          0x080099b4        0x4 c:/progra~2/gnuarm~1/102021~1.10/bin/../lib/gcc/arm-none-eabi/10.3.1/thumb/v7-m/nofp/crti.o
                0x080099b4                _init
 .init          0x080099b8        0x8 c:/progra~2/gnuarm~1/102021~1.10/bin/../lib/gcc/arm-none-eabi/10.3.1/thumb/v7-m/nofp/crtn.o
 *(.fini)
 .fini          0x080099c0        0x4 c:/progra~2/gnuarm~1/102021~1.10/bin/../lib/gcc/arm-none-eabi/10.3.1/thumb/v7-m/nofp/crti.o
                0x080099c0                _fini
 .fini          0x080099c4        0x8 c:/progra~2/gnuarm~1/102021~1.10/bin/../lib/gcc/arm-none-eabi/10.3.1/thumb/v7-m/nofp/crtn.o
                0x080099cc                . = ALIGN (0x4)
                0x080099cc                _etext = .

.vfp11_veneer   0x080099cc        0x0
 .vfp11_veneer  0x080099cc        0x0 linker stubs

.v4_bx          0x080099cc        0x0
 .v4_bx         0x080099cc        0x0 linker stubs

.iplt           0x080099cc        0x0
 .iplt          0x080099cc        0x0 c:/progra~2/gnuarm~1/102021~1.10/bin/../lib/gcc/arm-none-eabi/10.3.1/thumb/v7-m/nofp/crtbegin.o

.rodata         0x080099d0      0x438
                0x080099d0                . = ALIGN (0x4)
 *(.rodata)
 *(.rodata*)
 .rodata.First_Check.str1.4
                0x080099d0        0xc CMakeFiles/ZJY-team.elf.dir/Core/Src/ZJY/ZJY.c.obj
 .rodata.AHBPrescTable
                0x080099dc       0x10 CMakeFiles/ZJY-team.elf.dir/Core/Src/system_stm32f1xx.c.obj
                0x080099dc                AHBPrescTable
 .rodata.APBPrescTable
                0x080099ec        0x8 CMakeFiles/ZJY-team.elf.dir/Core/Src/system_stm32f1xx.c.obj
                0x080099ec                APBPrescTable
 .rodata.HAL_RCC_GetSysClockFreq.str1.4
                0x080099f4       0x11 CMakeFiles/ZJY-team.elf.dir/Drivers/STM32F1xx_HAL_Driver/Src/stm32f1xx_hal_rcc.c.obj
 .rodata.HAL_RCCEx_GetPeriphCLKFreq.str1.4
                0x08009a05       0x11 CMakeFiles/ZJY-team.elf.dir/Drivers/STM32F1xx_HAL_Driver/Src/stm32f1xx_hal_rcc_ex.c.obj
 *fill*         0x08009a05        0x3 
 .rodata._global_impure_ptr
                0x08009a08        0x4 c:/progra~2/gnuarm~1/102021~1.10/bin/../lib/gcc/arm-none-eabi/10.3.1/../../../../arm-none-eabi/lib/thumb/v7-m/nofp\libg.a(lib_a-impure.o)
                0x08009a08                _global_impure_ptr
 .rodata._vfprintf_r.str1.4
                0x08009a0c       0x42 c:/progra~2/gnuarm~1/102021~1.10/bin/../lib/gcc/arm-none-eabi/10.3.1/../../../../arm-none-eabi/lib/thumb/v7-m/nofp\libg.a(lib_a-vfprintf.o)
 *fill*         0x08009a4e        0x2 
 .rodata.blanks.1
                0x08009a50       0x10 c:/progra~2/gnuarm~1/102021~1.10/bin/../lib/gcc/arm-none-eabi/10.3.1/../../../../arm-none-eabi/lib/thumb/v7-m/nofp\libg.a(lib_a-vfprintf.o)
 .rodata.zeroes.0
                0x08009a60       0x10 c:/progra~2/gnuarm~1/102021~1.10/bin/../lib/gcc/arm-none-eabi/10.3.1/../../../../arm-none-eabi/lib/thumb/v7-m/nofp\libg.a(lib_a-vfprintf.o)
 .rodata._dtoa_r.str1.4
                0x08009a70       0xa2 c:/progra~2/gnuarm~1/102021~1.10/bin/../lib/gcc/arm-none-eabi/10.3.1/../../../../arm-none-eabi/lib/thumb/v7-m/nofp\libg.a(lib_a-dtoa.o)
                                 0xa6 (size before relaxing)
 *fill*         0x08009b12        0x2 
 .rodata.__multadd.str1.4
                0x08009b14       0x7f c:/progra~2/gnuarm~1/102021~1.10/bin/../lib/gcc/arm-none-eabi/10.3.1/../../../../arm-none-eabi/lib/thumb/v7-m/nofp\libg.a(lib_a-mprec.o)
                                 0x93 (size before relaxing)
 *fill*         0x08009b93        0x5 
 .rodata.__mprec_bigtens
                0x08009b98       0x28 c:/progra~2/gnuarm~1/102021~1.10/bin/../lib/gcc/arm-none-eabi/10.3.1/../../../../arm-none-eabi/lib/thumb/v7-m/nofp\libg.a(lib_a-mprec.o)
                0x08009b98                __mprec_bigtens
 .rodata.__mprec_tens
                0x08009bc0       0xc8 c:/progra~2/gnuarm~1/102021~1.10/bin/../lib/gcc/arm-none-eabi/10.3.1/../../../../arm-none-eabi/lib/thumb/v7-m/nofp\libg.a(lib_a-mprec.o)
                0x08009bc0                __mprec_tens
 .rodata.p05.0  0x08009c88        0xc c:/progra~2/gnuarm~1/102021~1.10/bin/../lib/gcc/arm-none-eabi/10.3.1/../../../../arm-none-eabi/lib/thumb/v7-m/nofp\libg.a(lib_a-mprec.o)
 .rodata._vfiprintf_r.str1.4
                0x08009c94       0x2f c:/progra~2/gnuarm~1/102021~1.10/bin/../lib/gcc/arm-none-eabi/10.3.1/../../../../arm-none-eabi/lib/thumb/v7-m/nofp\libg.a(lib_a-vfiprintf.o)
 .rodata.blanks.1
                0x08009c94       0x10 c:/progra~2/gnuarm~1/102021~1.10/bin/../lib/gcc/arm-none-eabi/10.3.1/../../../../arm-none-eabi/lib/thumb/v7-m/nofp\libg.a(lib_a-vfiprintf.o)
 .rodata.zeroes.0
                0x08009ca4       0x10 c:/progra~2/gnuarm~1/102021~1.10/bin/../lib/gcc/arm-none-eabi/10.3.1/../../../../arm-none-eabi/lib/thumb/v7-m/nofp\libg.a(lib_a-vfiprintf.o)
 .rodata.__assert_func.str1.4
                0x08009cb4       0x3f c:/progra~2/gnuarm~1/102021~1.10/bin/../lib/gcc/arm-none-eabi/10.3.1/../../../../arm-none-eabi/lib/thumb/v7-m/nofp\libg.a(lib_a-assert.o)
                                 0x43 (size before relaxing)
 *fill*         0x08009cf3        0x1 
 .rodata._setlocale_r.str1.4
                0x08009cf4        0xa c:/progra~2/gnuarm~1/102021~1.10/bin/../lib/gcc/arm-none-eabi/10.3.1/../../../../arm-none-eabi/lib/thumb/v7-m/nofp\libg.a(lib_a-locale.o)
                                  0xd (size before relaxing)
 *fill*         0x08009cfe        0x2 
 .rodata.str1.4
                0x08009d00        0x2 c:/progra~2/gnuarm~1/102021~1.10/bin/../lib/gcc/arm-none-eabi/10.3.1/../../../../arm-none-eabi/lib/thumb/v7-m/nofp\libg.a(lib_a-locale.o)
 *fill*         0x08009d02        0x2 
 .rodata._ctype_
                0x08009d04      0x101 c:/progra~2/gnuarm~1/102021~1.10/bin/../lib/gcc/arm-none-eabi/10.3.1/../../../../arm-none-eabi/lib/thumb/v7-m/nofp\libg.a(lib_a-ctype_.o)
                0x08009d04                _ctype_
                0x08009e08                . = ALIGN (0x4)
 *fill*         0x08009e05        0x3 

.ARM.extab
 *(.ARM.extab* .gnu.linkonce.armextab.*)

.ARM            0x08009e08        0x8
                0x08009e08                __exidx_start = .
 *(.ARM.exidx*)
 .ARM.exidx     0x08009e08        0x8 c:/progra~2/gnuarm~1/102021~1.10/bin/../lib/gcc/arm-none-eabi/10.3.1/thumb/v7-m/nofp\libgcc.a(_udivmoddi4.o)
                0x08009e10                __exidx_end = .

.rel.dyn        0x08009e10        0x0
 .rel.iplt      0x08009e10        0x0 c:/progra~2/gnuarm~1/102021~1.10/bin/../lib/gcc/arm-none-eabi/10.3.1/thumb/v7-m/nofp/crtbegin.o

.preinit_array  0x08009e10        0x0
                0x08009e10                PROVIDE (__preinit_array_start = .)
 *(.preinit_array*)
                0x08009e10                PROVIDE (__preinit_array_end = .)

.init_array     0x08009e10        0x8
                0x08009e10                PROVIDE (__init_array_start = .)
 *(SORT_BY_NAME(.init_array.*))
 .init_array.00000
                0x08009e10        0x4 c:/progra~2/gnuarm~1/102021~1.10/bin/../lib/gcc/arm-none-eabi/10.3.1/../../../../arm-none-eabi/lib/thumb/v7-m/nofp\libg.a(lib_a-__call_atexit.o)
 *(.init_array*)
 .init_array    0x08009e14        0x4 c:/progra~2/gnuarm~1/102021~1.10/bin/../lib/gcc/arm-none-eabi/10.3.1/thumb/v7-m/nofp/crtbegin.o
                0x08009e18                PROVIDE (__init_array_end = .)

.fini_array     0x08009e18        0x4
                0x08009e18                PROVIDE (__fini_array_start = .)
 *(SORT_BY_NAME(.fini_array.*))
 *(.fini_array*)
 .fini_array    0x08009e18        0x4 c:/progra~2/gnuarm~1/102021~1.10/bin/../lib/gcc/arm-none-eabi/10.3.1/thumb/v7-m/nofp/crtbegin.o
                0x08009e1c                PROVIDE (__fini_array_end = .)
                0x08009e1c                _sidata = LOADADDR (.data)

.data           0x20000000      0xa08 load address 0x08009e1c
                0x20000000                . = ALIGN (0x4)
                0x20000000                _sdata = .
 *(.data)
 *(.data*)
 .data.counter  0x20000000        0x4 CMakeFiles/ZJY-team.elf.dir/Core/Src/ZJY/ZJY.c.obj
 .data.key_up.0
                0x20000004        0x1 CMakeFiles/ZJY-team.elf.dir/Core/Src/ZJY/ZJY.c.obj
 *fill*         0x20000005        0x3 
 .data.times_1  0x20000008       0x18 CMakeFiles/ZJY-team.elf.dir/Core/Src/ZJY/ZJY.c.obj
                0x20000008                times_1
 .data.times_2  0x20000020       0x2c CMakeFiles/ZJY-team.elf.dir/Core/Src/ZJY/ZJY.c.obj
                0x20000020                times_2
 .data.SystemCoreClock
                0x2000004c        0x4 CMakeFiles/ZJY-team.elf.dir/Core/Src/system_stm32f1xx.c.obj
                0x2000004c                SystemCoreClock
 .data.uwTickFreq
                0x20000050        0x1 CMakeFiles/ZJY-team.elf.dir/Drivers/STM32F1xx_HAL_Driver/Src/stm32f1xx_hal.c.obj
                0x20000050                uwTickFreq
 *fill*         0x20000051        0x3 
 .data.uwTickPrio
                0x20000054        0x4 CMakeFiles/ZJY-team.elf.dir/Drivers/STM32F1xx_HAL_Driver/Src/stm32f1xx_hal.c.obj
                0x20000054                uwTickPrio
 .data._impure_ptr
                0x20000058        0x4 c:/progra~2/gnuarm~1/102021~1.10/bin/../lib/gcc/arm-none-eabi/10.3.1/../../../../arm-none-eabi/lib/thumb/v7-m/nofp\libg.a(lib_a-impure.o)
                0x20000058                _impure_ptr
 *fill*         0x2000005c        0x4 
 .data.impure_data
                0x20000060      0x428 c:/progra~2/gnuarm~1/102021~1.10/bin/../lib/gcc/arm-none-eabi/10.3.1/../../../../arm-none-eabi/lib/thumb/v7-m/nofp\libg.a(lib_a-impure.o)
 .data.__atexit_recursive_mutex
                0x20000488        0x4 c:/progra~2/gnuarm~1/102021~1.10/bin/../lib/gcc/arm-none-eabi/10.3.1/../../../../arm-none-eabi/lib/thumb/v7-m/nofp\libg.a(lib_a-__call_atexit.o)
                0x20000488                __atexit_recursive_mutex
 .data.__malloc_av_
                0x2000048c      0x408 c:/progra~2/gnuarm~1/102021~1.10/bin/../lib/gcc/arm-none-eabi/10.3.1/../../../../arm-none-eabi/lib/thumb/v7-m/nofp\libg.a(lib_a-mallocr.o)
                0x2000048c                __malloc_av_
 .data.__malloc_sbrk_base
                0x20000894        0x4 c:/progra~2/gnuarm~1/102021~1.10/bin/../lib/gcc/arm-none-eabi/10.3.1/../../../../arm-none-eabi/lib/thumb/v7-m/nofp\libg.a(lib_a-mallocr.o)
                0x20000894                __malloc_sbrk_base
 .data.__malloc_trim_threshold
                0x20000898        0x4 c:/progra~2/gnuarm~1/102021~1.10/bin/../lib/gcc/arm-none-eabi/10.3.1/../../../../arm-none-eabi/lib/thumb/v7-m/nofp\libg.a(lib_a-mallocr.o)
                0x20000898                __malloc_trim_threshold
 .data.__global_locale
                0x2000089c      0x16c c:/progra~2/gnuarm~1/102021~1.10/bin/../lib/gcc/arm-none-eabi/10.3.1/../../../../arm-none-eabi/lib/thumb/v7-m/nofp\libg.a(lib_a-locale.o)
                0x2000089c                __global_locale
                0x20000a08                . = ALIGN (0x4)
                0x20000a08                _edata = .

.igot.plt       0x20000a08        0x0 load address 0x0800a824
 .igot.plt      0x20000a08        0x0 c:/progra~2/gnuarm~1/102021~1.10/bin/../lib/gcc/arm-none-eabi/10.3.1/thumb/v7-m/nofp/crtbegin.o
                0x20000a08                . = ALIGN (0x4)

.bss            0x20000a08      0x154 load address 0x0800a824
                0x20000a08                _sbss = .
                0x20000a08                __bss_start__ = _sbss
 *(.bss)
 .bss           0x20000a08       0x1c c:/progra~2/gnuarm~1/102021~1.10/bin/../lib/gcc/arm-none-eabi/10.3.1/thumb/v7-m/nofp/crtbegin.o
 *(.bss*)
 .bss.key_lock_fre
                0x20000a24        0x1 CMakeFiles/ZJY-team.elf.dir/Core/Src/ZJY/ZJY.c.obj
 .bss.key_lock_mode
                0x20000a25        0x1 CMakeFiles/ZJY-team.elf.dir/Core/Src/ZJY/ZJY.c.obj
 .bss.key_lock_tim
                0x20000a26        0x1 CMakeFiles/ZJY-team.elf.dir/Core/Src/ZJY/ZJY.c.obj
 .bss.pre_mode  0x20000a27        0x1 CMakeFiles/ZJY-team.elf.dir/Core/Src/ZJY/ZJY.c.obj
                0x20000a27                pre_mode
 .bss.pwm_state
                0x20000a28        0x1 CMakeFiles/ZJY-team.elf.dir/Core/Src/ZJY/ZJY.c.obj
                0x20000a28                pwm_state
 *fill*         0x20000a29        0x3 
 .bss.sConfig   0x20000a2c        0xc CMakeFiles/ZJY-team.elf.dir/Core/Src/ZJY/ZJY.c.obj
                0x20000a2c                sConfig
 .bss.stop      0x20000a38        0x1 CMakeFiles/ZJY-team.elf.dir/Core/Src/ZJY/ZJY.c.obj
 *fill*         0x20000a39        0x3 
 .bss.zjy_state
                0x20000a3c       0x10 CMakeFiles/ZJY-team.elf.dir/Core/Src/ZJY/ZJY.c.obj
 .bss.gHuart    0x20000a4c        0x4 CMakeFiles/ZJY-team.elf.dir/Core/Src/ZJY/retarget.c.obj
                0x20000a4c                gHuart
 .bss.hadc1     0x20000a50       0x30 CMakeFiles/ZJY-team.elf.dir/Core/Src/adc.c.obj
                0x20000a50                hadc1
 .bss.heap_end.0
                0x20000a80        0x4 CMakeFiles/ZJY-team.elf.dir/Core/Src/syscalls.c.obj
 .bss.htim1     0x20000a84       0x48 CMakeFiles/ZJY-team.elf.dir/Core/Src/tim.c.obj
                0x20000a84                htim1
 .bss.huart1    0x20000acc       0x44 CMakeFiles/ZJY-team.elf.dir/Core/Src/usart.c.obj
                0x20000acc                huart1
 .bss.uwTick    0x20000b10        0x4 CMakeFiles/ZJY-team.elf.dir/Drivers/STM32F1xx_HAL_Driver/Src/stm32f1xx_hal.c.obj
                0x20000b10                uwTick
 .bss.__lock___atexit_recursive_mutex
                0x20000b14        0x1 c:/progra~2/gnuarm~1/102021~1.10/bin/../lib/gcc/arm-none-eabi/10.3.1/../../../../arm-none-eabi/lib/thumb/v7-m/nofp\libg.a(lib_a-lock.o)
                0x20000b14                __lock___atexit_recursive_mutex
 *fill*         0x20000b15        0x3 
 .bss.__lock___malloc_recursive_mutex
                0x20000b18        0x1 c:/progra~2/gnuarm~1/102021~1.10/bin/../lib/gcc/arm-none-eabi/10.3.1/../../../../arm-none-eabi/lib/thumb/v7-m/nofp\libg.a(lib_a-lock.o)
                0x20000b18                __lock___malloc_recursive_mutex
 *fill*         0x20000b19        0x3 
 .bss.__lock___sfp_recursive_mutex
                0x20000b1c        0x1 c:/progra~2/gnuarm~1/102021~1.10/bin/../lib/gcc/arm-none-eabi/10.3.1/../../../../arm-none-eabi/lib/thumb/v7-m/nofp\libg.a(lib_a-lock.o)
                0x20000b1c                __lock___sfp_recursive_mutex
 *fill*         0x20000b1d        0x3 
 .bss.__lock___sinit_recursive_mutex
                0x20000b20        0x1 c:/progra~2/gnuarm~1/102021~1.10/bin/../lib/gcc/arm-none-eabi/10.3.1/../../../../arm-none-eabi/lib/thumb/v7-m/nofp\libg.a(lib_a-lock.o)
                0x20000b20                __lock___sinit_recursive_mutex
 *fill*         0x20000b21        0x3 
 .bss.__malloc_current_mallinfo
                0x20000b24       0x28 c:/progra~2/gnuarm~1/102021~1.10/bin/../lib/gcc/arm-none-eabi/10.3.1/../../../../arm-none-eabi/lib/thumb/v7-m/nofp\libg.a(lib_a-mallocr.o)
                0x20000b24                __malloc_current_mallinfo
 .bss.__malloc_max_sbrked_mem
                0x20000b4c        0x4 c:/progra~2/gnuarm~1/102021~1.10/bin/../lib/gcc/arm-none-eabi/10.3.1/../../../../arm-none-eabi/lib/thumb/v7-m/nofp\libg.a(lib_a-mallocr.o)
                0x20000b4c                __malloc_max_sbrked_mem
 .bss.__malloc_max_total_mem
                0x20000b50        0x4 c:/progra~2/gnuarm~1/102021~1.10/bin/../lib/gcc/arm-none-eabi/10.3.1/../../../../arm-none-eabi/lib/thumb/v7-m/nofp\libg.a(lib_a-mallocr.o)
                0x20000b50                __malloc_max_total_mem
 .bss.__malloc_top_pad
                0x20000b54        0x4 c:/progra~2/gnuarm~1/102021~1.10/bin/../lib/gcc/arm-none-eabi/10.3.1/../../../../arm-none-eabi/lib/thumb/v7-m/nofp\libg.a(lib_a-mallocr.o)
                0x20000b54                __malloc_top_pad
 .bss.errno     0x20000b58        0x4 c:/progra~2/gnuarm~1/102021~1.10/bin/../lib/gcc/arm-none-eabi/10.3.1/../../../../arm-none-eabi/lib/thumb/v7-m/nofp\libg.a(lib_a-reent.o)
                0x20000b58                errno
 *(COMMON)
                0x20000b5c                . = ALIGN (0x4)
                0x20000b5c                _ebss = .
                0x20000b5c                __bss_end__ = _ebss

._user_heap_stack
                0x20000b5c      0x604 load address 0x0800a824
                0x20000b60                . = ALIGN (0x8)
 *fill*         0x20000b5c        0x4 
                0x20000b60                PROVIDE (end = .)
                [!provide]                PROVIDE (_end = .)
                0x20000d60                . = (. + _Min_Heap_Size)
 *fill*         0x20000b60      0x200 
                0x20001160                . = (. + _Min_Stack_Size)
 *fill*         0x20000d60      0x400 
                0x20001160                . = ALIGN (0x8)

/DISCARD/
 libc.a(*)
 libm.a(*)
 libgcc.a(*)

.ARM.attributes
                0x00000000       0x29
 *(.ARM.attributes)
 .ARM.attributes
                0x00000000       0x1d c:/progra~2/gnuarm~1/102021~1.10/bin/../lib/gcc/arm-none-eabi/10.3.1/thumb/v7-m/nofp/crti.o
 .ARM.attributes
                0x0000001d       0x2d c:/progra~2/gnuarm~1/102021~1.10/bin/../lib/gcc/arm-none-eabi/10.3.1/thumb/v7-m/nofp/crtbegin.o
 .ARM.attributes
                0x0000004a       0x2d CMakeFiles/ZJY-team.elf.dir/Core/Src/ZJY/ZJY.c.obj
 .ARM.attributes
                0x00000077       0x2d CMakeFiles/ZJY-team.elf.dir/Core/Src/ZJY/retarget.c.obj
 .ARM.attributes
                0x000000a4       0x2d CMakeFiles/ZJY-team.elf.dir/Core/Src/adc.c.obj
 .ARM.attributes
                0x000000d1       0x2d CMakeFiles/ZJY-team.elf.dir/Core/Src/gpio.c.obj
 .ARM.attributes
                0x000000fe       0x2d CMakeFiles/ZJY-team.elf.dir/Core/Src/main.c.obj
 .ARM.attributes
                0x0000012b       0x2d CMakeFiles/ZJY-team.elf.dir/Core/Src/stm32f1xx_hal_msp.c.obj
 .ARM.attributes
                0x00000158       0x2d CMakeFiles/ZJY-team.elf.dir/Core/Src/stm32f1xx_it.c.obj
 .ARM.attributes
                0x00000185       0x2d CMakeFiles/ZJY-team.elf.dir/Core/Src/syscalls.c.obj
 .ARM.attributes
                0x000001b2       0x2d CMakeFiles/ZJY-team.elf.dir/Core/Src/system_stm32f1xx.c.obj
 .ARM.attributes
                0x000001df       0x2d CMakeFiles/ZJY-team.elf.dir/Core/Src/tim.c.obj
 .ARM.attributes
                0x0000020c       0x2d CMakeFiles/ZJY-team.elf.dir/Core/Src/usart.c.obj
 .ARM.attributes
                0x00000239       0x2d CMakeFiles/ZJY-team.elf.dir/Drivers/STM32F1xx_HAL_Driver/Src/stm32f1xx_hal.c.obj
 .ARM.attributes
                0x00000266       0x2d CMakeFiles/ZJY-team.elf.dir/Drivers/STM32F1xx_HAL_Driver/Src/stm32f1xx_hal_adc.c.obj
 .ARM.attributes
                0x00000293       0x2d CMakeFiles/ZJY-team.elf.dir/Drivers/STM32F1xx_HAL_Driver/Src/stm32f1xx_hal_adc_ex.c.obj
 .ARM.attributes
                0x000002c0       0x2d CMakeFiles/ZJY-team.elf.dir/Drivers/STM32F1xx_HAL_Driver/Src/stm32f1xx_hal_cortex.c.obj
 .ARM.attributes
                0x000002ed       0x2d CMakeFiles/ZJY-team.elf.dir/Drivers/STM32F1xx_HAL_Driver/Src/stm32f1xx_hal_gpio.c.obj
 .ARM.attributes
                0x0000031a       0x2d CMakeFiles/ZJY-team.elf.dir/Drivers/STM32F1xx_HAL_Driver/Src/stm32f1xx_hal_rcc.c.obj
 .ARM.attributes
                0x00000347       0x2d CMakeFiles/ZJY-team.elf.dir/Drivers/STM32F1xx_HAL_Driver/Src/stm32f1xx_hal_rcc_ex.c.obj
 .ARM.attributes
                0x00000374       0x2d CMakeFiles/ZJY-team.elf.dir/Drivers/STM32F1xx_HAL_Driver/Src/stm32f1xx_hal_tim.c.obj
 .ARM.attributes
                0x000003a1       0x2d CMakeFiles/ZJY-team.elf.dir/Drivers/STM32F1xx_HAL_Driver/Src/stm32f1xx_hal_tim_ex.c.obj
 .ARM.attributes
                0x000003ce       0x2d CMakeFiles/ZJY-team.elf.dir/Drivers/STM32F1xx_HAL_Driver/Src/stm32f1xx_hal_uart.c.obj
 .ARM.attributes
                0x000003fb       0x21 CMakeFiles/ZJY-team.elf.dir/startup/startup_stm32f103xb.s.obj
 .ARM.attributes
                0x0000041c       0x2d c:/progra~2/gnuarm~1/102021~1.10/bin/../lib/gcc/arm-none-eabi/10.3.1/../../../../arm-none-eabi/lib/thumb/v7-m/nofp\libg.a(lib_a-errno.o)
 .ARM.attributes
                0x00000449       0x2d c:/progra~2/gnuarm~1/102021~1.10/bin/../lib/gcc/arm-none-eabi/10.3.1/../../../../arm-none-eabi/lib/thumb/v7-m/nofp\libg.a(lib_a-impure.o)
 .ARM.attributes
                0x00000476       0x2d c:/progra~2/gnuarm~1/102021~1.10/bin/../lib/gcc/arm-none-eabi/10.3.1/../../../../arm-none-eabi/lib/thumb/v7-m/nofp\libg.a(lib_a-init.o)
 .ARM.attributes
                0x000004a3       0x2d c:/progra~2/gnuarm~1/102021~1.10/bin/../lib/gcc/arm-none-eabi/10.3.1/../../../../arm-none-eabi/lib/thumb/v7-m/nofp\libg.a(lib_a-memset.o)
 .ARM.attributes
                0x000004d0       0x2d c:/progra~2/gnuarm~1/102021~1.10/bin/../lib/gcc/arm-none-eabi/10.3.1/../../../../arm-none-eabi/lib/thumb/v7-m/nofp\libg.a(lib_a-printf.o)
 .ARM.attributes
                0x000004fd       0x2d c:/progra~2/gnuarm~1/102021~1.10/bin/../lib/gcc/arm-none-eabi/10.3.1/../../../../arm-none-eabi/lib/thumb/v7-m/nofp\libg.a(lib_a-setvbuf.o)
 .ARM.attributes
                0x0000052a       0x2d c:/progra~2/gnuarm~1/102021~1.10/bin/../lib/gcc/arm-none-eabi/10.3.1/../../../../arm-none-eabi/lib/thumb/v7-m/nofp\libg.a(lib_a-vfprintf.o)
 .ARM.attributes
                0x00000557       0x2d c:/progra~2/gnuarm~1/102021~1.10/bin/../lib/gcc/arm-none-eabi/10.3.1/../../../../arm-none-eabi/lib/thumb/v7-m/nofp\libg.a(lib_a-wsetup.o)
 .ARM.attributes
                0x00000584       0x2d c:/progra~2/gnuarm~1/102021~1.10/bin/../lib/gcc/arm-none-eabi/10.3.1/../../../../arm-none-eabi/lib/thumb/v7-m/nofp\libg.a(lib_a-__call_atexit.o)
 .ARM.attributes
                0x000005b1       0x2d c:/progra~2/gnuarm~1/102021~1.10/bin/../lib/gcc/arm-none-eabi/10.3.1/../../../../arm-none-eabi/lib/thumb/v7-m/nofp\libg.a(lib_a-atexit.o)
 .ARM.attributes
                0x000005de       0x2d c:/progra~2/gnuarm~1/102021~1.10/bin/../lib/gcc/arm-none-eabi/10.3.1/../../../../arm-none-eabi/lib/thumb/v7-m/nofp\libg.a(lib_a-dtoa.o)
 .ARM.attributes
                0x0000060b       0x2d c:/progra~2/gnuarm~1/102021~1.10/bin/../lib/gcc/arm-none-eabi/10.3.1/../../../../arm-none-eabi/lib/thumb/v7-m/nofp\libg.a(lib_a-fflush.o)
 .ARM.attributes
                0x00000638       0x2d c:/progra~2/gnuarm~1/102021~1.10/bin/../lib/gcc/arm-none-eabi/10.3.1/../../../../arm-none-eabi/lib/thumb/v7-m/nofp\libg.a(lib_a-findfp.o)
 .ARM.attributes
                0x00000665       0x2d c:/progra~2/gnuarm~1/102021~1.10/bin/../lib/gcc/arm-none-eabi/10.3.1/../../../../arm-none-eabi/lib/thumb/v7-m/nofp\libg.a(lib_a-fini.o)
 .ARM.attributes
                0x00000692       0x2d c:/progra~2/gnuarm~1/102021~1.10/bin/../lib/gcc/arm-none-eabi/10.3.1/../../../../arm-none-eabi/lib/thumb/v7-m/nofp\libg.a(lib_a-freer.o)
 .ARM.attributes
                0x000006bf       0x2d c:/progra~2/gnuarm~1/102021~1.10/bin/../lib/gcc/arm-none-eabi/10.3.1/../../../../arm-none-eabi/lib/thumb/v7-m/nofp\libg.a(lib_a-fwalk.o)
 .ARM.attributes
                0x000006ec       0x2d c:/progra~2/gnuarm~1/102021~1.10/bin/../lib/gcc/arm-none-eabi/10.3.1/../../../../arm-none-eabi/lib/thumb/v7-m/nofp\libg.a(lib_a-localeconv.o)
 .ARM.attributes
                0x00000719       0x2d c:/progra~2/gnuarm~1/102021~1.10/bin/../lib/gcc/arm-none-eabi/10.3.1/../../../../arm-none-eabi/lib/thumb/v7-m/nofp\libg.a(lib_a-lock.o)
 .ARM.attributes
                0x00000746       0x2d c:/progra~2/gnuarm~1/102021~1.10/bin/../lib/gcc/arm-none-eabi/10.3.1/../../../../arm-none-eabi/lib/thumb/v7-m/nofp\libg.a(lib_a-makebuf.o)
 .ARM.attributes
                0x00000773       0x2d c:/progra~2/gnuarm~1/102021~1.10/bin/../lib/gcc/arm-none-eabi/10.3.1/../../../../arm-none-eabi/lib/thumb/v7-m/nofp\libg.a(lib_a-malloc.o)
 .ARM.attributes
                0x000007a0       0x2d c:/progra~2/gnuarm~1/102021~1.10/bin/../lib/gcc/arm-none-eabi/10.3.1/../../../../arm-none-eabi/lib/thumb/v7-m/nofp\libg.a(lib_a-mallocr.o)
 .ARM.attributes
                0x000007cd       0x2d c:/progra~2/gnuarm~1/102021~1.10/bin/../lib/gcc/arm-none-eabi/10.3.1/../../../../arm-none-eabi/lib/thumb/v7-m/nofp\libg.a(lib_a-memchr-stub.o)
 .ARM.attributes
                0x000007fa       0x1b c:/progra~2/gnuarm~1/102021~1.10/bin/../lib/gcc/arm-none-eabi/10.3.1/../../../../arm-none-eabi/lib/thumb/v7-m/nofp\libg.a(lib_a-memcpy.o)
 .ARM.attributes
                0x00000815       0x2d c:/progra~2/gnuarm~1/102021~1.10/bin/../lib/gcc/arm-none-eabi/10.3.1/../../../../arm-none-eabi/lib/thumb/v7-m/nofp\libg.a(lib_a-mlock.o)
 .ARM.attributes
                0x00000842       0x2d c:/progra~2/gnuarm~1/102021~1.10/bin/../lib/gcc/arm-none-eabi/10.3.1/../../../../arm-none-eabi/lib/thumb/v7-m/nofp\libg.a(lib_a-mprec.o)
 .ARM.attributes
                0x0000086f       0x2d c:/progra~2/gnuarm~1/102021~1.10/bin/../lib/gcc/arm-none-eabi/10.3.1/../../../../arm-none-eabi/lib/thumb/v7-m/nofp\libg.a(lib_a-s_frexp.o)
 .ARM.attributes
                0x0000089c       0x2d c:/progra~2/gnuarm~1/102021~1.10/bin/../lib/gcc/arm-none-eabi/10.3.1/../../../../arm-none-eabi/lib/thumb/v7-m/nofp\libg.a(lib_a-sbrkr.o)
 .ARM.attributes
                0x000008c9       0x2d c:/progra~2/gnuarm~1/102021~1.10/bin/../lib/gcc/arm-none-eabi/10.3.1/../../../../arm-none-eabi/lib/thumb/v7-m/nofp\libg.a(lib_a-stdio.o)
 .ARM.attributes
                0x000008f6       0x2d c:/progra~2/gnuarm~1/102021~1.10/bin/../lib/gcc/arm-none-eabi/10.3.1/../../../../arm-none-eabi/lib/thumb/v7-m/nofp\libg.a(lib_a-strlen-stub.o)
 .ARM.attributes
                0x00000923       0x2d c:/progra~2/gnuarm~1/102021~1.10/bin/../lib/gcc/arm-none-eabi/10.3.1/../../../../arm-none-eabi/lib/thumb/v7-m/nofp\libg.a(lib_a-strncpy.o)
 .ARM.attributes
                0x00000950       0x2d c:/progra~2/gnuarm~1/102021~1.10/bin/../lib/gcc/arm-none-eabi/10.3.1/../../../../arm-none-eabi/lib/thumb/v7-m/nofp\libg.a(lib_a-vfiprintf.o)
 .ARM.attributes
                0x0000097d       0x2d c:/progra~2/gnuarm~1/102021~1.10/bin/../lib/gcc/arm-none-eabi/10.3.1/../../../../arm-none-eabi/lib/thumb/v7-m/nofp\libg.a(lib_a-writer.o)
 .ARM.attributes
                0x000009aa       0x2d c:/progra~2/gnuarm~1/102021~1.10/bin/../lib/gcc/arm-none-eabi/10.3.1/../../../../arm-none-eabi/lib/thumb/v7-m/nofp\libg.a(lib_a-__atexit.o)
 .ARM.attributes
                0x000009d7       0x2d c:/progra~2/gnuarm~1/102021~1.10/bin/../lib/gcc/arm-none-eabi/10.3.1/../../../../arm-none-eabi/lib/thumb/v7-m/nofp\libg.a(lib_a-assert.o)
 .ARM.attributes
                0x00000a04       0x2d c:/progra~2/gnuarm~1/102021~1.10/bin/../lib/gcc/arm-none-eabi/10.3.1/../../../../arm-none-eabi/lib/thumb/v7-m/nofp\libg.a(lib_a-callocr.o)
 .ARM.attributes
                0x00000a31       0x2d c:/progra~2/gnuarm~1/102021~1.10/bin/../lib/gcc/arm-none-eabi/10.3.1/../../../../arm-none-eabi/lib/thumb/v7-m/nofp\libg.a(lib_a-closer.o)
 .ARM.attributes
                0x00000a5e       0x2d c:/progra~2/gnuarm~1/102021~1.10/bin/../lib/gcc/arm-none-eabi/10.3.1/../../../../arm-none-eabi/lib/thumb/v7-m/nofp\libg.a(lib_a-fclose.o)
 .ARM.attributes
                0x00000a8b       0x2d c:/progra~2/gnuarm~1/102021~1.10/bin/../lib/gcc/arm-none-eabi/10.3.1/../../../../arm-none-eabi/lib/thumb/v7-m/nofp\libg.a(lib_a-fiprintf.o)
 .ARM.attributes
                0x00000ab8       0x2d c:/progra~2/gnuarm~1/102021~1.10/bin/../lib/gcc/arm-none-eabi/10.3.1/../../../../arm-none-eabi/lib/thumb/v7-m/nofp\libg.a(lib_a-fputwc.o)
 .ARM.attributes
                0x00000ae5       0x2d c:/progra~2/gnuarm~1/102021~1.10/bin/../lib/gcc/arm-none-eabi/10.3.1/../../../../arm-none-eabi/lib/thumb/v7-m/nofp\libg.a(lib_a-fstatr.o)
 .ARM.attributes
                0x00000b12       0x2d c:/progra~2/gnuarm~1/102021~1.10/bin/../lib/gcc/arm-none-eabi/10.3.1/../../../../arm-none-eabi/lib/thumb/v7-m/nofp\libg.a(lib_a-fvwrite.o)
 .ARM.attributes
                0x00000b3f       0x2d c:/progra~2/gnuarm~1/102021~1.10/bin/../lib/gcc/arm-none-eabi/10.3.1/../../../../arm-none-eabi/lib/thumb/v7-m/nofp\libg.a(lib_a-isattyr.o)
 .ARM.attributes
                0x00000b6c       0x2d c:/progra~2/gnuarm~1/102021~1.10/bin/../lib/gcc/arm-none-eabi/10.3.1/../../../../arm-none-eabi/lib/thumb/v7-m/nofp\libg.a(lib_a-locale.o)
 .ARM.attributes
                0x00000b99       0x2d c:/progra~2/gnuarm~1/102021~1.10/bin/../lib/gcc/arm-none-eabi/10.3.1/../../../../arm-none-eabi/lib/thumb/v7-m/nofp\libg.a(lib_a-lseekr.o)
 .ARM.attributes
                0x00000bc6       0x2d c:/progra~2/gnuarm~1/102021~1.10/bin/../lib/gcc/arm-none-eabi/10.3.1/../../../../arm-none-eabi/lib/thumb/v7-m/nofp\libg.a(lib_a-mbtowc_r.o)
 .ARM.attributes
                0x00000bf3       0x2d c:/progra~2/gnuarm~1/102021~1.10/bin/../lib/gcc/arm-none-eabi/10.3.1/../../../../arm-none-eabi/lib/thumb/v7-m/nofp\libg.a(lib_a-memmove.o)
 .ARM.attributes
                0x00000c20       0x2d c:/progra~2/gnuarm~1/102021~1.10/bin/../lib/gcc/arm-none-eabi/10.3.1/../../../../arm-none-eabi/lib/thumb/v7-m/nofp\libg.a(lib_a-readr.o)
 .ARM.attributes
                0x00000c4d       0x2d c:/progra~2/gnuarm~1/102021~1.10/bin/../lib/gcc/arm-none-eabi/10.3.1/../../../../arm-none-eabi/lib/thumb/v7-m/nofp\libg.a(lib_a-reallocr.o)
 .ARM.attributes
                0x00000c7a       0x2d c:/progra~2/gnuarm~1/102021~1.10/bin/../lib/gcc/arm-none-eabi/10.3.1/../../../../arm-none-eabi/lib/thumb/v7-m/nofp\libg.a(lib_a-reent.o)
 .ARM.attributes
                0x00000ca7       0x2d c:/progra~2/gnuarm~1/102021~1.10/bin/../lib/gcc/arm-none-eabi/10.3.1/../../../../arm-none-eabi/lib/thumb/v7-m/nofp\libg.a(lib_a-wbuf.o)
 .ARM.attributes
                0x00000cd4       0x2d c:/progra~2/gnuarm~1/102021~1.10/bin/../lib/gcc/arm-none-eabi/10.3.1/../../../../arm-none-eabi/lib/thumb/v7-m/nofp\libg.a(lib_a-wcrtomb.o)
 .ARM.attributes
                0x00000d01       0x2d c:/progra~2/gnuarm~1/102021~1.10/bin/../lib/gcc/arm-none-eabi/10.3.1/../../../../arm-none-eabi/lib/thumb/v7-m/nofp\libg.a(lib_a-wctomb_r.o)
 .ARM.attributes
                0x00000d2e       0x2d c:/progra~2/gnuarm~1/102021~1.10/bin/../lib/gcc/arm-none-eabi/10.3.1/../../../../arm-none-eabi/lib/thumb/v7-m/nofp\libg.a(lib_a-abort.o)
 .ARM.attributes
                0x00000d5b       0x2d c:/progra~2/gnuarm~1/102021~1.10/bin/../lib/gcc/arm-none-eabi/10.3.1/../../../../arm-none-eabi/lib/thumb/v7-m/nofp\libg.a(lib_a-ctype_.o)
 .ARM.attributes
                0x00000d88       0x2d c:/progra~2/gnuarm~1/102021~1.10/bin/../lib/gcc/arm-none-eabi/10.3.1/../../../../arm-none-eabi/lib/thumb/v7-m/nofp\libg.a(lib_a-signal.o)
 .ARM.attributes
                0x00000db5       0x2d c:/progra~2/gnuarm~1/102021~1.10/bin/../lib/gcc/arm-none-eabi/10.3.1/../../../../arm-none-eabi/lib/thumb/v7-m/nofp\libg.a(lib_a-signalr.o)
 .ARM.attributes
                0x00000de2       0x1d c:/progra~2/gnuarm~1/102021~1.10/bin/../lib/gcc/arm-none-eabi/10.3.1/thumb/v7-m/nofp\libgcc.a(_arm_addsubdf3.o)
 .ARM.attributes
                0x00000dff       0x1d c:/progra~2/gnuarm~1/102021~1.10/bin/../lib/gcc/arm-none-eabi/10.3.1/thumb/v7-m/nofp\libgcc.a(_arm_muldivdf3.o)
 .ARM.attributes
                0x00000e1c       0x1d c:/progra~2/gnuarm~1/102021~1.10/bin/../lib/gcc/arm-none-eabi/10.3.1/thumb/v7-m/nofp\libgcc.a(_arm_cmpdf2.o)
 .ARM.attributes
                0x00000e39       0x1d c:/progra~2/gnuarm~1/102021~1.10/bin/../lib/gcc/arm-none-eabi/10.3.1/thumb/v7-m/nofp\libgcc.a(_arm_unorddf2.o)
 .ARM.attributes
                0x00000e56       0x1d c:/progra~2/gnuarm~1/102021~1.10/bin/../lib/gcc/arm-none-eabi/10.3.1/thumb/v7-m/nofp\libgcc.a(_arm_fixdfsi.o)
 .ARM.attributes
                0x00000e73       0x1d c:/progra~2/gnuarm~1/102021~1.10/bin/../lib/gcc/arm-none-eabi/10.3.1/thumb/v7-m/nofp\libgcc.a(_aeabi_uldivmod.o)
 .ARM.attributes
                0x00000e90       0x2d c:/progra~2/gnuarm~1/102021~1.10/bin/../lib/gcc/arm-none-eabi/10.3.1/thumb/v7-m/nofp\libgcc.a(_udivmoddi4.o)
 .ARM.attributes
                0x00000ebd       0x1d c:/progra~2/gnuarm~1/102021~1.10/bin/../lib/gcc/arm-none-eabi/10.3.1/thumb/v7-m/nofp\libgcc.a(_dvmd_tls.o)
 .ARM.attributes
                0x00000eda       0x1d c:/progra~2/gnuarm~1/102021~1.10/bin/../lib/gcc/arm-none-eabi/10.3.1/thumb/v7-m/nofp/crtn.o
OUTPUT(ZJY-team.elf elf32-littlearm)
LOAD linker stubs
LOAD c:/progra~2/gnuarm~1/102021~1.10/bin/../lib/gcc/arm-none-eabi/10.3.1/../../../../arm-none-eabi/lib/thumb/v7-m/nofp\libc.a
LOAD c:/progra~2/gnuarm~1/102021~1.10/bin/../lib/gcc/arm-none-eabi/10.3.1/../../../../arm-none-eabi/lib/thumb/v7-m/nofp\libm.a
LOAD c:/progra~2/gnuarm~1/102021~1.10/bin/../lib/gcc/arm-none-eabi/10.3.1/thumb/v7-m/nofp\libgcc.a

.debug_info     0x00000000    0x11de1
 .debug_info    0x00000000     0x1625 CMakeFiles/ZJY-team.elf.dir/Core/Src/ZJY/ZJY.c.obj
 .debug_info    0x00001625     0x12a7 CMakeFiles/ZJY-team.elf.dir/Core/Src/ZJY/retarget.c.obj
 .debug_info    0x000028cc      0xa0d CMakeFiles/ZJY-team.elf.dir/Core/Src/adc.c.obj
 .debug_info    0x000032d9      0x37d CMakeFiles/ZJY-team.elf.dir/Core/Src/gpio.c.obj
 .debug_info    0x00003656      0x933 CMakeFiles/ZJY-team.elf.dir/Core/Src/main.c.obj
 .debug_info    0x00003f89      0x235 CMakeFiles/ZJY-team.elf.dir/Core/Src/stm32f1xx_hal_msp.c.obj
 .debug_info    0x000041be      0x951 CMakeFiles/ZJY-team.elf.dir/Core/Src/stm32f1xx_it.c.obj
 .debug_info    0x00004b0f      0x711 CMakeFiles/ZJY-team.elf.dir/Core/Src/syscalls.c.obj
 .debug_info    0x00005220      0x248 CMakeFiles/ZJY-team.elf.dir/Core/Src/system_stm32f1xx.c.obj
 .debug_info    0x00005468      0xa57 CMakeFiles/ZJY-team.elf.dir/Core/Src/tim.c.obj
 .debug_info    0x00005ebf      0x827 CMakeFiles/ZJY-team.elf.dir/Core/Src/usart.c.obj
 .debug_info    0x000066e6      0x7a8 CMakeFiles/ZJY-team.elf.dir/Drivers/STM32F1xx_HAL_Driver/Src/stm32f1xx_hal.c.obj
 .debug_info    0x00006e8e      0xf10 CMakeFiles/ZJY-team.elf.dir/Drivers/STM32F1xx_HAL_Driver/Src/stm32f1xx_hal_adc.c.obj
 .debug_info    0x00007d9e      0xc3b CMakeFiles/ZJY-team.elf.dir/Drivers/STM32F1xx_HAL_Driver/Src/stm32f1xx_hal_adc_ex.c.obj
 .debug_info    0x000089d9      0xd8a CMakeFiles/ZJY-team.elf.dir/Drivers/STM32F1xx_HAL_Driver/Src/stm32f1xx_hal_cortex.c.obj
 .debug_info    0x00009763      0x66f CMakeFiles/ZJY-team.elf.dir/Drivers/STM32F1xx_HAL_Driver/Src/stm32f1xx_hal_gpio.c.obj
 .debug_info    0x00009dd2      0xa36 CMakeFiles/ZJY-team.elf.dir/Drivers/STM32F1xx_HAL_Driver/Src/stm32f1xx_hal_rcc.c.obj
 .debug_info    0x0000a808      0x443 CMakeFiles/ZJY-team.elf.dir/Drivers/STM32F1xx_HAL_Driver/Src/stm32f1xx_hal_rcc_ex.c.obj
 .debug_info    0x0000ac4b     0x3b00 CMakeFiles/ZJY-team.elf.dir/Drivers/STM32F1xx_HAL_Driver/Src/stm32f1xx_hal_tim.c.obj
 .debug_info    0x0000e74b     0x19e9 CMakeFiles/ZJY-team.elf.dir/Drivers/STM32F1xx_HAL_Driver/Src/stm32f1xx_hal_tim_ex.c.obj
 .debug_info    0x00010134     0x1c8b CMakeFiles/ZJY-team.elf.dir/Drivers/STM32F1xx_HAL_Driver/Src/stm32f1xx_hal_uart.c.obj
 .debug_info    0x00011dbf       0x22 CMakeFiles/ZJY-team.elf.dir/startup/startup_stm32f103xb.s.obj

.debug_abbrev   0x00000000     0x2a2b
 .debug_abbrev  0x00000000      0x2cd CMakeFiles/ZJY-team.elf.dir/Core/Src/ZJY/ZJY.c.obj
 .debug_abbrev  0x000002cd      0x2b4 CMakeFiles/ZJY-team.elf.dir/Core/Src/ZJY/retarget.c.obj
 .debug_abbrev  0x00000581      0x1ca CMakeFiles/ZJY-team.elf.dir/Core/Src/adc.c.obj
 .debug_abbrev  0x0000074b      0x13c CMakeFiles/ZJY-team.elf.dir/Core/Src/gpio.c.obj
 .debug_abbrev  0x00000887      0x1e1 CMakeFiles/ZJY-team.elf.dir/Core/Src/main.c.obj
 .debug_abbrev  0x00000a68      0x108 CMakeFiles/ZJY-team.elf.dir/Core/Src/stm32f1xx_hal_msp.c.obj
 .debug_abbrev  0x00000b70      0x18a CMakeFiles/ZJY-team.elf.dir/Core/Src/stm32f1xx_it.c.obj
 .debug_abbrev  0x00000cfa      0x1c4 CMakeFiles/ZJY-team.elf.dir/Core/Src/syscalls.c.obj
 .debug_abbrev  0x00000ebe      0x13e CMakeFiles/ZJY-team.elf.dir/Core/Src/system_stm32f1xx.c.obj
 .debug_abbrev  0x00000ffc      0x1de CMakeFiles/ZJY-team.elf.dir/Core/Src/tim.c.obj
 .debug_abbrev  0x000011da      0x1c1 CMakeFiles/ZJY-team.elf.dir/Core/Src/usart.c.obj
 .debug_abbrev  0x0000139b      0x1f4 CMakeFiles/ZJY-team.elf.dir/Drivers/STM32F1xx_HAL_Driver/Src/stm32f1xx_hal.c.obj
 .debug_abbrev  0x0000158f      0x1fc CMakeFiles/ZJY-team.elf.dir/Drivers/STM32F1xx_HAL_Driver/Src/stm32f1xx_hal_adc.c.obj
 .debug_abbrev  0x0000178b      0x248 CMakeFiles/ZJY-team.elf.dir/Drivers/STM32F1xx_HAL_Driver/Src/stm32f1xx_hal_adc_ex.c.obj
 .debug_abbrev  0x000019d3      0x341 CMakeFiles/ZJY-team.elf.dir/Drivers/STM32F1xx_HAL_Driver/Src/stm32f1xx_hal_cortex.c.obj
 .debug_abbrev  0x00001d14      0x1e6 CMakeFiles/ZJY-team.elf.dir/Drivers/STM32F1xx_HAL_Driver/Src/stm32f1xx_hal_gpio.c.obj
 .debug_abbrev  0x00001efa      0x27a CMakeFiles/ZJY-team.elf.dir/Drivers/STM32F1xx_HAL_Driver/Src/stm32f1xx_hal_rcc.c.obj
 .debug_abbrev  0x00002174      0x1d2 CMakeFiles/ZJY-team.elf.dir/Drivers/STM32F1xx_HAL_Driver/Src/stm32f1xx_hal_rcc_ex.c.obj
 .debug_abbrev  0x00002346      0x23e CMakeFiles/ZJY-team.elf.dir/Drivers/STM32F1xx_HAL_Driver/Src/stm32f1xx_hal_tim.c.obj
 .debug_abbrev  0x00002584      0x241 CMakeFiles/ZJY-team.elf.dir/Drivers/STM32F1xx_HAL_Driver/Src/stm32f1xx_hal_tim_ex.c.obj
 .debug_abbrev  0x000027c5      0x254 CMakeFiles/ZJY-team.elf.dir/Drivers/STM32F1xx_HAL_Driver/Src/stm32f1xx_hal_uart.c.obj
 .debug_abbrev  0x00002a19       0x12 CMakeFiles/ZJY-team.elf.dir/startup/startup_stm32f103xb.s.obj

.debug_loc      0x00000000     0xb94e
 .debug_loc     0x00000000      0x31a CMakeFiles/ZJY-team.elf.dir/Core/Src/ZJY/ZJY.c.obj
 .debug_loc     0x0000031a      0x389 CMakeFiles/ZJY-team.elf.dir/Core/Src/ZJY/retarget.c.obj
 .debug_loc     0x000006a3       0x84 CMakeFiles/ZJY-team.elf.dir/Core/Src/adc.c.obj
 .debug_loc     0x00000727       0x31 CMakeFiles/ZJY-team.elf.dir/Core/Src/main.c.obj
 .debug_loc     0x00000758       0x15 CMakeFiles/ZJY-team.elf.dir/Core/Src/stm32f1xx_hal_msp.c.obj
 .debug_loc     0x0000076d      0x37d CMakeFiles/ZJY-team.elf.dir/Core/Src/syscalls.c.obj
 .debug_loc     0x00000aea       0xff CMakeFiles/ZJY-team.elf.dir/Core/Src/system_stm32f1xx.c.obj
 .debug_loc     0x00000be9       0x67 CMakeFiles/ZJY-team.elf.dir/Core/Src/tim.c.obj
 .debug_loc     0x00000c50       0x84 CMakeFiles/ZJY-team.elf.dir/Core/Src/usart.c.obj
 .debug_loc     0x00000cd4      0x141 CMakeFiles/ZJY-team.elf.dir/Drivers/STM32F1xx_HAL_Driver/Src/stm32f1xx_hal.c.obj
 .debug_loc     0x00000e15      0xad9 CMakeFiles/ZJY-team.elf.dir/Drivers/STM32F1xx_HAL_Driver/Src/stm32f1xx_hal_adc.c.obj
 .debug_loc     0x000018ee      0x801 CMakeFiles/ZJY-team.elf.dir/Drivers/STM32F1xx_HAL_Driver/Src/stm32f1xx_hal_adc_ex.c.obj
 .debug_loc     0x000020ef      0x71f CMakeFiles/ZJY-team.elf.dir/Drivers/STM32F1xx_HAL_Driver/Src/stm32f1xx_hal_cortex.c.obj
 .debug_loc     0x0000280e      0x47d CMakeFiles/ZJY-team.elf.dir/Drivers/STM32F1xx_HAL_Driver/Src/stm32f1xx_hal_gpio.c.obj
 .debug_loc     0x00002c8b      0x63e CMakeFiles/ZJY-team.elf.dir/Drivers/STM32F1xx_HAL_Driver/Src/stm32f1xx_hal_rcc.c.obj
 .debug_loc     0x000032c9      0x3c8 CMakeFiles/ZJY-team.elf.dir/Drivers/STM32F1xx_HAL_Driver/Src/stm32f1xx_hal_rcc_ex.c.obj
 .debug_loc     0x00003691     0x47a8 CMakeFiles/ZJY-team.elf.dir/Drivers/STM32F1xx_HAL_Driver/Src/stm32f1xx_hal_tim.c.obj
 .debug_loc     0x00007e39     0x1ade CMakeFiles/ZJY-team.elf.dir/Drivers/STM32F1xx_HAL_Driver/Src/stm32f1xx_hal_tim_ex.c.obj
 .debug_loc     0x00009917     0x2037 CMakeFiles/ZJY-team.elf.dir/Drivers/STM32F1xx_HAL_Driver/Src/stm32f1xx_hal_uart.c.obj

.debug_aranges  0x00000000      0xe70
 .debug_aranges
                0x00000000       0xa8 CMakeFiles/ZJY-team.elf.dir/Core/Src/ZJY/ZJY.c.obj
 .debug_aranges
                0x000000a8       0x50 CMakeFiles/ZJY-team.elf.dir/Core/Src/ZJY/retarget.c.obj
 .debug_aranges
                0x000000f8       0x30 CMakeFiles/ZJY-team.elf.dir/Core/Src/adc.c.obj
 .debug_aranges
                0x00000128       0x20 CMakeFiles/ZJY-team.elf.dir/Core/Src/gpio.c.obj
 .debug_aranges
                0x00000148       0x30 CMakeFiles/ZJY-team.elf.dir/Core/Src/main.c.obj
 .debug_aranges
                0x00000178       0x20 CMakeFiles/ZJY-team.elf.dir/Core/Src/stm32f1xx_hal_msp.c.obj
 .debug_aranges
                0x00000198       0x70 CMakeFiles/ZJY-team.elf.dir/Core/Src/stm32f1xx_it.c.obj
 .debug_aranges
                0x00000208       0x88 CMakeFiles/ZJY-team.elf.dir/Core/Src/syscalls.c.obj
 .debug_aranges
                0x00000290       0x28 CMakeFiles/ZJY-team.elf.dir/Core/Src/system_stm32f1xx.c.obj
 .debug_aranges
                0x000002b8       0x30 CMakeFiles/ZJY-team.elf.dir/Core/Src/tim.c.obj
 .debug_aranges
                0x000002e8       0x30 CMakeFiles/ZJY-team.elf.dir/Core/Src/usart.c.obj
 .debug_aranges
                0x00000318       0xe0 CMakeFiles/ZJY-team.elf.dir/Drivers/STM32F1xx_HAL_Driver/Src/stm32f1xx_hal.c.obj
 .debug_aranges
                0x000003f8       0xf0 CMakeFiles/ZJY-team.elf.dir/Drivers/STM32F1xx_HAL_Driver/Src/stm32f1xx_hal_adc.c.obj
 .debug_aranges
                0x000004e8       0x80 CMakeFiles/ZJY-team.elf.dir/Drivers/STM32F1xx_HAL_Driver/Src/stm32f1xx_hal_adc_ex.c.obj
 .debug_aranges
                0x00000568       0x90 CMakeFiles/ZJY-team.elf.dir/Drivers/STM32F1xx_HAL_Driver/Src/stm32f1xx_hal_cortex.c.obj
 .debug_aranges
                0x000005f8       0x58 CMakeFiles/ZJY-team.elf.dir/Drivers/STM32F1xx_HAL_Driver/Src/stm32f1xx_hal_gpio.c.obj
 .debug_aranges
                0x00000650       0x90 CMakeFiles/ZJY-team.elf.dir/Drivers/STM32F1xx_HAL_Driver/Src/stm32f1xx_hal_rcc.c.obj
 .debug_aranges
                0x000006e0       0x30 CMakeFiles/ZJY-team.elf.dir/Drivers/STM32F1xx_HAL_Driver/Src/stm32f1xx_hal_rcc_ex.c.obj
 .debug_aranges
                0x00000710      0x3d0 CMakeFiles/ZJY-team.elf.dir/Drivers/STM32F1xx_HAL_Driver/Src/stm32f1xx_hal_tim.c.obj
 .debug_aranges
                0x00000ae0      0x168 CMakeFiles/ZJY-team.elf.dir/Drivers/STM32F1xx_HAL_Driver/Src/stm32f1xx_hal_tim_ex.c.obj
 .debug_aranges
                0x00000c48      0x200 CMakeFiles/ZJY-team.elf.dir/Drivers/STM32F1xx_HAL_Driver/Src/stm32f1xx_hal_uart.c.obj
 .debug_aranges
                0x00000e48       0x28 CMakeFiles/ZJY-team.elf.dir/startup/startup_stm32f103xb.s.obj

.debug_ranges   0x00000000      0xdb0
 .debug_ranges  0x00000000       0x98 CMakeFiles/ZJY-team.elf.dir/Core/Src/ZJY/ZJY.c.obj
 .debug_ranges  0x00000098       0x40 CMakeFiles/ZJY-team.elf.dir/Core/Src/ZJY/retarget.c.obj
 .debug_ranges  0x000000d8       0x20 CMakeFiles/ZJY-team.elf.dir/Core/Src/adc.c.obj
 .debug_ranges  0x000000f8       0x10 CMakeFiles/ZJY-team.elf.dir/Core/Src/gpio.c.obj
 .debug_ranges  0x00000108       0x20 CMakeFiles/ZJY-team.elf.dir/Core/Src/main.c.obj
 .debug_ranges  0x00000128       0x10 CMakeFiles/ZJY-team.elf.dir/Core/Src/stm32f1xx_hal_msp.c.obj
 .debug_ranges  0x00000138       0x60 CMakeFiles/ZJY-team.elf.dir/Core/Src/stm32f1xx_it.c.obj
 .debug_ranges  0x00000198       0x78 CMakeFiles/ZJY-team.elf.dir/Core/Src/syscalls.c.obj
 .debug_ranges  0x00000210       0x18 CMakeFiles/ZJY-team.elf.dir/Core/Src/system_stm32f1xx.c.obj
 .debug_ranges  0x00000228       0x20 CMakeFiles/ZJY-team.elf.dir/Core/Src/tim.c.obj
 .debug_ranges  0x00000248       0x20 CMakeFiles/ZJY-team.elf.dir/Core/Src/usart.c.obj
 .debug_ranges  0x00000268       0xd0 CMakeFiles/ZJY-team.elf.dir/Drivers/STM32F1xx_HAL_Driver/Src/stm32f1xx_hal.c.obj
 .debug_ranges  0x00000338       0xe0 CMakeFiles/ZJY-team.elf.dir/Drivers/STM32F1xx_HAL_Driver/Src/stm32f1xx_hal_adc.c.obj
 .debug_ranges  0x00000418       0x70 CMakeFiles/ZJY-team.elf.dir/Drivers/STM32F1xx_HAL_Driver/Src/stm32f1xx_hal_adc_ex.c.obj
 .debug_ranges  0x00000488       0xe0 CMakeFiles/ZJY-team.elf.dir/Drivers/STM32F1xx_HAL_Driver/Src/stm32f1xx_hal_cortex.c.obj
 .debug_ranges  0x00000568       0x48 CMakeFiles/ZJY-team.elf.dir/Drivers/STM32F1xx_HAL_Driver/Src/stm32f1xx_hal_gpio.c.obj